Component: ARM Compiler 5.05 update 1 (build 106) Tool: armlink [4d0efa]

==============================================================================

Section Cross References

    system_stm32f1xx.o(i.SystemCoreClockUpdate) refers to system_stm32f1xx.o(.data) for .data
    system_stm32f1xx.o(i.SystemCoreClockUpdate) refers to system_stm32f1xx.o(.constdata) for .constdata
    startup_stm32f103xe.o(RESET) refers to startup_stm32f103xe.o(STACK) for __initial_sp
    startup_stm32f103xe.o(RESET) refers to startup_stm32f103xe.o(.text) for Reset_Handler
    startup_stm32f103xe.o(RESET) refers to stm32f1xx_it.o(i.NMI_Handler) for NMI_Handler
    startup_stm32f103xe.o(RESET) refers to stm32f1xx_it.o(i.HardFault_Handler) for HardFault_Handler
    startup_stm32f103xe.o(RESET) refers to stm32f1xx_it.o(i.MemManage_Handler) for MemManage_Handler
    startup_stm32f103xe.o(RESET) refers to stm32f1xx_it.o(i.BusFault_Handler) for BusFault_Handler
    startup_stm32f103xe.o(RESET) refers to stm32f1xx_it.o(i.UsageFault_Handler) for UsageFault_Handler
    startup_stm32f103xe.o(RESET) refers to stm32f1xx_it.o(i.SVC_Handler) for SVC_Handler
    startup_stm32f103xe.o(RESET) refers to stm32f1xx_it.o(i.DebugMon_Handler) for DebugMon_Handler
    startup_stm32f103xe.o(RESET) refers to stm32f1xx_it.o(i.PendSV_Handler) for PendSV_Handler
    startup_stm32f103xe.o(RESET) refers to stm32f1xx_it.o(i.SysTick_Handler) for SysTick_Handler
    startup_stm32f103xe.o(RESET) refers to stm32f1xx_it.o(i.TIM3_IRQHandler) for TIM3_IRQHandler
    startup_stm32f103xe.o(RESET) refers to stm32f1xx_it.o(i.USART1_IRQHandler) for USART1_IRQHandler
    startup_stm32f103xe.o(RESET) refers to stm32f1xx_it.o(i.UART5_IRQHandler) for UART5_IRQHandler
    startup_stm32f103xe.o(.text) refers to system_stm32f1xx.o(i.SystemInit) for SystemInit
    startup_stm32f103xe.o(.text) refers to entry.o(.ARM.Collect$$$$00000000) for __main
    stm32f1xx_hal.o(i.HAL_DeInit) refers to stm32f1xx_hal.o(i.HAL_MspDeInit) for HAL_MspDeInit
    stm32f1xx_hal.o(i.HAL_Delay) refers to stm32f1xx_hal.o(i.HAL_GetTick) for HAL_GetTick
    stm32f1xx_hal.o(i.HAL_Delay) refers to stm32f1xx_hal.o(.data) for .data
    stm32f1xx_hal.o(i.HAL_GetTick) refers to stm32f1xx_hal.o(.data) for .data
    stm32f1xx_hal.o(i.HAL_GetTickFreq) refers to stm32f1xx_hal.o(.data) for .data
    stm32f1xx_hal.o(i.HAL_GetTickPrio) refers to stm32f1xx_hal.o(.data) for .data
    stm32f1xx_hal.o(i.HAL_IncTick) refers to stm32f1xx_hal.o(.data) for .data
    stm32f1xx_hal.o(i.HAL_Init) refers to stm32f1xx_hal_cortex.o(i.HAL_NVIC_SetPriorityGrouping) for HAL_NVIC_SetPriorityGrouping
    stm32f1xx_hal.o(i.HAL_Init) refers to stm32f1xx_hal.o(i.HAL_InitTick) for HAL_InitTick
    stm32f1xx_hal.o(i.HAL_Init) refers to stm32f1xx_hal_msp.o(i.HAL_MspInit) for HAL_MspInit
    stm32f1xx_hal.o(i.HAL_InitTick) refers to stm32f1xx_hal_cortex.o(i.HAL_SYSTICK_Config) for HAL_SYSTICK_Config
    stm32f1xx_hal.o(i.HAL_InitTick) refers to stm32f1xx_hal_cortex.o(i.HAL_NVIC_SetPriority) for HAL_NVIC_SetPriority
    stm32f1xx_hal.o(i.HAL_InitTick) refers to stm32f1xx_hal.o(.data) for .data
    stm32f1xx_hal.o(i.HAL_InitTick) refers to system_stm32f1xx.o(.data) for SystemCoreClock
    stm32f1xx_hal.o(i.HAL_SetTickFreq) refers to stm32f1xx_hal.o(i.HAL_InitTick) for HAL_InitTick
    stm32f1xx_hal.o(i.HAL_SetTickFreq) refers to stm32f1xx_hal.o(.data) for .data
    stm32f1xx_hal_gpio.o(i.HAL_GPIO_EXTI_IRQHandler) refers to stm32f1xx_hal_gpio.o(i.HAL_GPIO_EXTI_Callback) for HAL_GPIO_EXTI_Callback
    stm32f1xx_hal_i2c.o(i.HAL_I2C_DeInit) refers to stm32f1xx_hal_msp.o(i.HAL_I2C_MspDeInit) for HAL_I2C_MspDeInit
    stm32f1xx_hal_i2c.o(i.HAL_I2C_ER_IRQHandler) refers to stm32f1xx_hal_i2c.o(i.I2C_Slave_AF) for I2C_Slave_AF
    stm32f1xx_hal_i2c.o(i.HAL_I2C_ER_IRQHandler) refers to stm32f1xx_hal_i2c.o(i.I2C_ITError) for I2C_ITError
    stm32f1xx_hal_i2c.o(i.HAL_I2C_EV_IRQHandler) refers to stm32f1xx_hal_i2c.o(i.I2C_Master_SB) for I2C_Master_SB
    stm32f1xx_hal_i2c.o(i.HAL_I2C_EV_IRQHandler) refers to stm32f1xx_hal_i2c.o(i.I2C_Master_ADDR) for I2C_Master_ADDR
    stm32f1xx_hal_i2c.o(i.HAL_I2C_EV_IRQHandler) refers to stm32f1xx_hal_i2c.o(i.I2C_MasterTransmit_TXE) for I2C_MasterTransmit_TXE
    stm32f1xx_hal_i2c.o(i.HAL_I2C_EV_IRQHandler) refers to stm32f1xx_hal_i2c.o(i.I2C_MasterTransmit_BTF) for I2C_MasterTransmit_BTF
    stm32f1xx_hal_i2c.o(i.HAL_I2C_EV_IRQHandler) refers to stm32f1xx_hal_i2c.o(i.I2C_MasterReceive_RXNE) for I2C_MasterReceive_RXNE
    stm32f1xx_hal_i2c.o(i.HAL_I2C_EV_IRQHandler) refers to stm32f1xx_hal_i2c.o(i.I2C_MasterReceive_BTF) for I2C_MasterReceive_BTF
    stm32f1xx_hal_i2c.o(i.HAL_I2C_EV_IRQHandler) refers to stm32f1xx_hal_i2c.o(i.HAL_I2C_AddrCallback) for HAL_I2C_AddrCallback
    stm32f1xx_hal_i2c.o(i.HAL_I2C_EV_IRQHandler) refers to stm32f1xx_hal_i2c.o(i.I2C_Slave_STOPF) for I2C_Slave_STOPF
[...]
    Removing stm32f1xx_hal_tim.o(i.HAL_TIM_PeriodElapsedCallback), (2 bytes).
    Removing stm32f1xx_hal_tim.o(i.HAL_TIM_ReadCapturedValue), (68 bytes).
    Removing stm32f1xx_hal_tim.o(i.HAL_TIM_SlaveConfigSynchronization), (66 bytes).
    Removing stm32f1xx_hal_tim.o(i.HAL_TIM_SlaveConfigSynchronization_IT), (66 bytes).
    Removing stm32f1xx_hal_tim.o(i.TIM_CCxChannelCmd), (22 bytes).
    Removing stm32f1xx_hal_tim.o(i.TIM_DMACaptureCplt), (62 bytes).
    Removing stm32f1xx_hal_tim.o(i.TIM_DMADelayPulseCplt), (62 bytes).
    Removing stm32f1xx_hal_tim.o(i.TIM_DMAError), (16 bytes).
    Removing stm32f1xx_hal_tim.o(i.TIM_DMAPeriodElapsedCplt), (16 bytes).
    Removing stm32f1xx_hal_tim.o(i.TIM_DMATriggerCplt), (16 bytes).
    Removing stm32f1xx_hal_tim.o(i.TIM_OC1_SetConfig), (96 bytes).
    Removing stm32f1xx_hal_tim.o(i.TIM_OC2_SetConfig), (108 bytes).
    Removing stm32f1xx_hal_tim.o(i.TIM_OC3_SetConfig), (104 bytes).
    Removing stm32f1xx_hal_tim.o(i.TIM_OC4_SetConfig), (80 bytes).
    Removing stm32f1xx_hal_tim.o(i.TIM_SlaveTimer_SetConfig), (124 bytes).
    Removing stm32f1xx_hal_tim.o(i.TIM_TI1_SetConfig), (108 bytes).
    Removing stm32f1xx_hal_tim.o(i.TIM_TI2_SetConfig), (54 bytes).
    Removing stm32f1xx_hal_tim_ex.o(.rev16_text), (4 bytes).
    Removing stm32f1xx_hal_tim_ex.o(.revsh_text), (4 bytes).
    Removing stm32f1xx_hal_tim_ex.o(.rrx_text), (6 bytes).
    Removing stm32f1xx_hal_tim_ex.o(i.HAL_TIMEx_ConfigBreakDeadTime), (90 bytes).
    Removing stm32f1xx_hal_tim_ex.o(i.HAL_TIMEx_ConfigCommutationEvent), (92 bytes).
    Removing stm32f1xx_hal_tim_ex.o(i.HAL_TIMEx_ConfigCommutationEvent_DMA), (124 bytes).
    Removing stm32f1xx_hal_tim_ex.o(i.HAL_TIMEx_ConfigCommutationEvent_IT), (102 bytes).
    Removing stm32f1xx_hal_tim_ex.o(i.HAL_TIMEx_HallSensor_DeInit), (56 bytes).
    Removing stm32f1xx_hal_tim_ex.o(i.HAL_TIMEx_HallSensor_GetState), (6 bytes).
    Removing stm32f1xx_hal_tim_ex.o(i.HAL_TIMEx_HallSensor_Init), (188 bytes).
    Removing stm32f1xx_hal_tim_ex.o(i.HAL_TIMEx_HallSensor_MspDeInit), (2 bytes).
    Removing stm32f1xx_hal_tim_ex.o(i.HAL_TIMEx_HallSensor_MspInit), (2 bytes).
    Removing stm32f1xx_hal_tim_ex.o(i.HAL_TIMEx_HallSensor_Start), (28 bytes).
    Removing stm32f1xx_hal_tim_ex.o(i.HAL_TIMEx_HallSensor_Start_DMA), (104 bytes).
    Removing stm32f1xx_hal_tim_ex.o(i.HAL_TIMEx_HallSensor_Start_IT), (38 bytes).
    Removing stm32f1xx_hal_tim_ex.o(i.HAL_TIMEx_HallSensor_Stop), (46 bytes).
    Removing stm32f1xx_hal_tim_ex.o(i.HAL_TIMEx_HallSensor_Stop_DMA), (56 bytes).
    Removing stm32f1xx_hal_tim_ex.o(i.HAL_TIMEx_HallSensor_Stop_IT), (56 bytes).
    Removing stm32f1xx_hal_tim_ex.o(i.HAL_TIMEx_OCN_Start), (36 bytes).
    Removing stm32f1xx_hal_tim_ex.o(i.HAL_TIMEx_OCN_Start_DMA), (184 bytes).
    Removing stm32f1xx_hal_tim_ex.o(i.HAL_TIMEx_OCN_Start_IT), (84 bytes).
    Removing stm32f1xx_hal_tim_ex.o(i.HAL_TIMEx_OCN_Stop), (68 bytes).
    Removing stm32f1xx_hal_tim_ex.o(i.HAL_TIMEx_OCN_Stop_DMA), (112 bytes).
    Removing stm32f1xx_hal_tim_ex.o(i.HAL_TIMEx_OCN_Stop_IT), (122 bytes).
    Removing stm32f1xx_hal_tim_ex.o(i.HAL_TIMEx_OnePulseN_Start), (26 bytes).
    Removing stm32f1xx_hal_tim_ex.o(i.HAL_TIMEx_OnePulseN_Start_IT), (46 bytes).
    Removing stm32f1xx_hal_tim_ex.o(i.HAL_TIMEx_OnePulseN_Stop), (68 bytes).
    Removing stm32f1xx_hal_tim_ex.o(i.HAL_TIMEx_OnePulseN_Stop_IT), (88 bytes).
    Removing stm32f1xx_hal_tim_ex.o(i.HAL_TIMEx_PWMN_Start), (36 bytes).
    Removing stm32f1xx_hal_tim_ex.o(i.HAL_TIMEx_PWMN_Start_DMA), (184 bytes).
    Removing stm32f1xx_hal_tim_ex.o(i.HAL_TIMEx_PWMN_Start_IT), (84 bytes).
    Removing stm32f1xx_hal_tim_ex.o(i.HAL_TIMEx_PWMN_Stop), (68 bytes).
    Removing stm32f1xx_hal_tim_ex.o(i.HAL_TIMEx_PWMN_Stop_DMA), (112 bytes).
    Removing stm32f1xx_hal_tim_ex.o(i.HAL_TIMEx_PWMN_Stop_IT), (122 bytes).
    Removing stm32f1xx_hal_tim_ex.o(i.TIMEx_DMACommutationCplt), (16 bytes).
    Removing stm32f1xx_hal_tim_ex.o(i.TIM_CCxNChannelCmd), (22 bytes).
    Removing stm32f1xx_hal_uart.o(.rev16_text), (4 bytes).
    Removing stm32f1xx_hal_uart.o(.revsh_text), (4 bytes).
    Removing stm32f1xx_hal_uart.o(.rrx_text), (6 bytes).
    Removing stm32f1xx_hal_uart.o(i.HAL_HalfDuplex_EnableReceiver), (50 bytes).
    Removing stm32f1xx_hal_uart.o(i.HAL_HalfDuplex_EnableTransmitter), (50 bytes).
    Removing stm32f1xx_hal_uart.o(i.HAL_HalfDuplex_Init), (108 bytes).
    Removing stm32f1xx_hal_uart.o(i.HAL_LIN_Init), (122 bytes).
    Removing stm32f1xx_hal_uart.o(i.HAL_LIN_SendBreak), (46 bytes).
    Removing stm32f1xx_hal_uart.o(i.HAL_MultiProcessor_EnterMuteMode), (46 bytes).
    Removing stm32f1xx_hal_uart.o(i.HAL_MultiProcessor_ExitMuteMode), (46 bytes).
    Removing stm32f1xx_hal_uart.o(i.HAL_MultiProcessor_Init), (130 bytes).
    Removing stm32f1xx_hal_uart.o(i.HAL_UART_Abort), (104 bytes).
    Removing stm32f1xx_hal_uart.o(i.HAL_UART_AbortCpltCallback), (2 bytes).
    Removing stm32f1xx_hal_uart.o(i.HAL_UART_AbortReceive), (68 bytes).
    Removing stm32f1xx_hal_uart.o(i.HAL_UART_AbortReceiveCpltCallback), (2 bytes).
    Removing stm32f1xx_hal_uart.o(i.HAL_UART_AbortReceive_IT), (92 bytes).
    Removing stm32f1xx_hal_uart.o(i.HAL_UART_AbortTransmit), (58 bytes).
    Removing stm32f1xx_hal_uart.o(i.HAL_UART_AbortTransmitCpltCallback), (2 bytes).
    Removing stm32f1xx_hal_uart.o(i.HAL_UART_AbortTransmit_IT), (84 bytes).
    Removing stm32f1xx_hal_uart.o(i.HAL_UART_Abort_IT), (172 bytes).
    Removing stm32f1xx_hal_uart.o(i.HAL_UART_DMAPause), (102 bytes).
    Removing stm32f1xx_hal_uart.o(i.HAL_UART_DMAResume), (94 bytes).
    Removing stm32f1xx_hal_uart.o(i.HAL_UART_DMAStop), (88 bytes).
    Removing stm32f1xx_hal_uart.o(i.HAL_UART_DeInit), (40 bytes).
    Removing stm32f1xx_hal_uart.o(i.HAL_UART_ErrorCallback), (2 bytes).
    Removing stm32f1xx_hal_uart.o(i.HAL_UART_GetError), (4 bytes).
    Removing stm32f1xx_hal_uart.o(i.HAL_UART_GetState), (10 bytes).
    Removing stm32f1xx_hal_uart.o(i.HAL_UART_MspDeInit), (2 bytes).
    Removing stm32f1xx_hal_uart.o(i.HAL_UART_MspInit), (2 bytes).
    Removing stm32f1xx_hal_uart.o(i.HAL_UART_Receive), (184 bytes).
    Removing stm32f1xx_hal_uart.o(i.HAL_UART_Receive_DMA), (152 bytes).
    Removing stm32f1xx_hal_uart.o(i.HAL_UART_RxCpltCallback), (2 bytes).
    Removing stm32f1xx_hal_uart.o(i.HAL_UART_RxHalfCpltCallback), (2 bytes).
    Removing stm32f1xx_hal_uart.o(i.HAL_UART_Transmit_DMA), (128 bytes).
    Removing stm32f1xx_hal_uart.o(i.HAL_UART_Transmit_IT), (62 bytes).
    Removing stm32f1xx_hal_uart.o(i.HAL_UART_TxHalfCpltCallback), (2 bytes).
    Removing stm32f1xx_hal_uart.o(i.UART_DMAError), (74 bytes).
    Removing stm32f1xx_hal_uart.o(i.UART_DMAReceiveCplt), (60 bytes).
    Removing stm32f1xx_hal_uart.o(i.UART_DMARxAbortCallback), (42 bytes).
    Removing stm32f1xx_hal_uart.o(i.UART_DMARxHalfCplt), (10 bytes).
    Removing stm32f1xx_hal_uart.o(i.UART_DMARxOnlyAbortCallback), (20 bytes).
    Removing stm32f1xx_hal_uart.o(i.UART_DMATransmitCplt), (46 bytes).
    Removing stm32f1xx_hal_uart.o(i.UART_DMATxAbortCallback), (42 bytes).
    Removing stm32f1xx_hal_uart.o(i.UART_DMATxHalfCplt), (10 bytes).
    Removing stm32f1xx_hal_uart.o(i.UART_DMATxOnlyAbortCallback), (20 bytes).
    Removing stm32f1xx_hal_uart.o(i.UART_EndTxTransfer), (18 bytes).
    Removing stm32f1xx_hal_rcc.o(.rev16_text), (4 bytes).
    Removing stm32f1xx_hal_rcc.o(.revsh_text), (4 bytes).
    Removing stm32f1xx_hal_rcc.o(.rrx_text), (6 bytes).
    Removing stm32f1xx_hal_rcc.o(i.HAL_RCC_CSSCallback), (2 bytes).
    Removing stm32f1xx_hal_rcc.o(i.HAL_RCC_DeInit), (216 bytes).
    Removing stm32f1xx_hal_rcc.o(i.HAL_RCC_DisableCSS), (12 bytes).
    Removing stm32f1xx_hal_rcc.o(i.HAL_RCC_EnableCSS), (12 bytes).
    Removing stm32f1xx_hal_rcc.o(i.HAL_RCC_GetClockConfig), (64 bytes).
    Removing stm32f1xx_hal_rcc.o(i.HAL_RCC_GetHCLKFreq), (12 bytes).
    Removing stm32f1xx_hal_rcc.o(i.HAL_RCC_GetOscConfig), (144 bytes).
    Removing stm32f1xx_hal_rcc.o(i.HAL_RCC_MCOConfig), (72 bytes).
    Removing stm32f1xx_hal_rcc.o(i.HAL_RCC_NMI_IRQHandler), (24 bytes).
    Removing stm32f1xx_hal_rcc_ex.o(.rev16_text), (4 bytes).
    Removing stm32f1xx_hal_rcc_ex.o(.revsh_text), (4 bytes).
    Removing stm32f1xx_hal_rcc_ex.o(.rrx_text), (6 bytes).
    Removing stm32f1xx_hal_rcc_ex.o(i.HAL_RCCEx_GetPeriphCLKConfig), (52 bytes).
    Removing stm32f1xx_hal_rcc_ex.o(i.HAL_RCCEx_GetPeriphCLKFreq), (212 bytes).
    Removing stm32f1xx_hal_rcc_ex.o(i.HAL_RCCEx_PeriphCLKConfig), (236 bytes).
    Removing stm32f1xx_hal_dma.o(.rev16_text), (4 bytes).
    Removing stm32f1xx_hal_dma.o(.revsh_text), (4 bytes).
    Removing stm32f1xx_hal_dma.o(.rrx_text), (6 bytes).
    Removing stm32f1xx_hal_dma.o(i.DMA_SetConfig), (42 bytes).
    Removing stm32f1xx_hal_dma.o(i.HAL_DMA_Abort), (48 bytes).
    Removing stm32f1xx_hal_dma.o(i.HAL_DMA_DeInit), (128 bytes).
    Removing stm32f1xx_hal_dma.o(i.HAL_DMA_GetError), (4 bytes).
    Removing stm32f1xx_hal_dma.o(i.HAL_DMA_GetState), (6 bytes).
    Removing stm32f1xx_hal_dma.o(i.HAL_DMA_IRQHandler), (584 bytes).
    Removing stm32f1xx_hal_dma.o(i.HAL_DMA_Init), (124 bytes).
    Removing stm32f1xx_hal_dma.o(i.HAL_DMA_PollForTransfer), (988 bytes).
    Removing stm32f1xx_hal_dma.o(i.HAL_DMA_RegisterCallback), (74 bytes).
    Removing stm32f1xx_hal_dma.o(i.HAL_DMA_Start), (80 bytes).
    Removing stm32f1xx_hal_dma.o(i.HAL_DMA_Start_IT), (112 bytes).
    Removing stm32f1xx_hal_dma.o(i.HAL_DMA_UnRegisterCallback), (82 bytes).
    Removing stm32f1xx_hal_flash.o(.rev16_text), (4 bytes).
    Removing stm32f1xx_hal_flash.o(.revsh_text), (4 bytes).
    Removing stm32f1xx_hal_flash.o(.rrx_text), (6 bytes).
    Removing stm32f1xx_hal_flash.o(i.HAL_FLASH_EndOfOperationCallback), (2 bytes).
    Removing stm32f1xx_hal_flash.o(i.HAL_FLASH_GetError), (12 bytes).
    Removing stm32f1xx_hal_flash.o(i.HAL_FLASH_IRQHandler), (260 bytes).
    Removing stm32f1xx_hal_flash.o(i.HAL_FLASH_OB_Launch), (4 bytes).
    Removing stm32f1xx_hal_flash.o(i.HAL_FLASH_OB_Lock), (20 bytes).
    Removing stm32f1xx_hal_flash.o(i.HAL_FLASH_OB_Unlock), (36 bytes).
    Removing stm32f1xx_hal_flash.o(i.HAL_FLASH_OperationErrorCallback), (2 bytes).
    Removing stm32f1xx_hal_flash.o(i.HAL_FLASH_Program_IT), (100 bytes).
    Removing stm32f1xx_hal_flash_ex.o(.rev16_text), (4 bytes).
    Removing stm32f1xx_hal_flash_ex.o(.revsh_text), (4 bytes).
    Removing stm32f1xx_hal_flash_ex.o(.rrx_text), (6 bytes).
    Removing stm32f1xx_hal_flash_ex.o(i.FLASH_OB_DisableWRP), (176 bytes).
    Removing stm32f1xx_hal_flash_ex.o(i.FLASH_OB_EnableWRP), (176 bytes).
    Removing stm32f1xx_hal_flash_ex.o(i.FLASH_OB_GetRDP), (24 bytes).
    Removing stm32f1xx_hal_flash_ex.o(i.FLASH_OB_RDP_LevelConfig), (100 bytes).
    Removing stm32f1xx_hal_flash_ex.o(i.HAL_FLASHEx_Erase_IT), (84 bytes).
    Removing stm32f1xx_hal_flash_ex.o(i.HAL_FLASHEx_OBErase), (84 bytes).
    Removing stm32f1xx_hal_flash_ex.o(i.HAL_FLASHEx_OBGetConfig), (36 bytes).
    Removing stm32f1xx_hal_flash_ex.o(i.HAL_FLASHEx_OBGetUserData), (32 bytes).
    Removing stm32f1xx_hal_flash_ex.o(i.HAL_FLASHEx_OBProgram), (200 bytes).
    Removing stm32f1xx_hal_pwr.o(.rev16_text), (4 bytes).
    Removing stm32f1xx_hal_pwr.o(.revsh_text), (4 bytes).
    Removing stm32f1xx_hal_pwr.o(.rrx_text), (6 bytes).
    Removing stm32f1xx_hal_pwr.o(i.HAL_PWR_ConfigPVD), (124 bytes).
    Removing stm32f1xx_hal_pwr.o(i.HAL_PWR_DeInit), (24 bytes).
    Removing stm32f1xx_hal_pwr.o(i.HAL_PWR_DisableBkUpAccess), (12 bytes).
    Removing stm32f1xx_hal_pwr.o(i.HAL_PWR_DisablePVD), (12 bytes).
    Removing stm32f1xx_hal_pwr.o(i.HAL_PWR_DisableSEVOnPend), (16 bytes).
    Removing stm32f1xx_hal_pwr.o(i.HAL_PWR_DisableSleepOnExit), (16 bytes).
    Removing stm32f1xx_hal_pwr.o(i.HAL_PWR_DisableWakeUpPin), (28 bytes).
    Removing stm32f1xx_hal_pwr.o(i.HAL_PWR_EnableBkUpAccess), (12 bytes).
    Removing stm32f1xx_hal_pwr.o(i.HAL_PWR_EnablePVD), (12 bytes).
    Removing stm32f1xx_hal_pwr.o(i.HAL_PWR_EnableSEVOnPend), (16 bytes).
    Removing stm32f1xx_hal_pwr.o(i.HAL_PWR_EnableSleepOnExit), (16 bytes).
    Removing stm32f1xx_hal_pwr.o(i.HAL_PWR_EnableWakeUpPin), (28 bytes).
    Removing stm32f1xx_hal_pwr.o(i.HAL_PWR_EnterSLEEPMode), (32 bytes).
    Removing stm32f1xx_hal_pwr.o(i.HAL_PWR_EnterSTANDBYMode), (32 bytes).
    Removing stm32f1xx_hal_pwr.o(i.HAL_PWR_EnterSTOPMode), (68 bytes).
    Removing stm32f1xx_hal_pwr.o(i.HAL_PWR_PVDCallback), (2 bytes).
    Removing stm32f1xx_hal_pwr.o(i.HAL_PWR_PVD_IRQHandler), (28 bytes).
    Removing stm32f1xx_hal_pwr.o(i.PWR_OverloadWfe), (6 bytes).
    Removing stm32f1xx_hal_cortex.o(.rev16_text), (4 bytes).
    Removing stm32f1xx_hal_cortex.o(.revsh_text), (4 bytes).
    Removing stm32f1xx_hal_cortex.o(.rrx_text), (6 bytes).
    Removing stm32f1xx_hal_cortex.o(i.HAL_NVIC_ClearPendingIRQ), (22 bytes).
    Removing stm32f1xx_hal_cortex.o(i.HAL_NVIC_DisableIRQ), (22 bytes).
    Removing stm32f1xx_hal_cortex.o(i.HAL_NVIC_GetActive), (32 bytes).
    Removing stm32f1xx_hal_cortex.o(i.HAL_NVIC_GetPendingIRQ), (32 bytes).
    Removing stm32f1xx_hal_cortex.o(i.HAL_NVIC_GetPriority), (82 bytes).
    Removing stm32f1xx_hal_cortex.o(i.HAL_NVIC_GetPriorityGrouping), (16 bytes).
    Removing stm32f1xx_hal_cortex.o(i.HAL_NVIC_SetPendingIRQ), (22 bytes).
    Removing stm32f1xx_hal_cortex.o(i.HAL_NVIC_SystemReset), (36 bytes).
    Removing stm32f1xx_hal_cortex.o(i.HAL_SYSTICK_CLKSourceConfig), (24 bytes).
    Removing stm32f1xx_hal_cortex.o(i.HAL_SYSTICK_Callback), (2 bytes).
    Removing stm32f1xx_hal_cortex.o(i.HAL_SYSTICK_IRQHandler), (8 bytes).
    Removing public.o(i.crc16), (36 bytes).
    Removing public.o(i.hextobcd), (100 bytes).
    Removing public.o(.constdata), (512 bytes).
    Removing ringbuffer.o(i.DeInitRingBuffer), (28 bytes).
    Removing ringbuffer.o(i.RingBufferEmptyLen), (28 bytes).
    Removing ringbuffer.o(i.RingBufferRead), (84 bytes).
    Removing ringbuffer.o(i.RingBufferReadAdj), (30 bytes).
    Removing ringbuffer.o(i.RingBufferReadMax), (38 bytes).
    Removing ringbuffer.o(i.RingBufferWriteAdj), (30 bytes).
    Removing stm32f1xx_hal_msp.o(.rev16_text), (4 bytes).
    Removing stm32f1xx_hal_msp.o(.revsh_text), (4 bytes).
    Removing stm32f1xx_hal_msp.o(.rrx_text), (6 bytes).
    Removing stm32f1xx_hal_msp.o(i.HAL_I2C_MspDeInit), (40 bytes).
    Removing stm32f1xx_hal_msp.o(i.HAL_I2C_MspInit), (92 bytes).
    Removing stm32f1xx_hal_msp.o(i.HAL_SPI_MspDeInit), (68 bytes).
    Removing stm32f1xx_hal_msp.o(i.HAL_SPI_MspInit), (184 bytes).
    Removing stm32f1xx_hal_msp.o(i.HAL_TIM_Base_MspDeInit), (52 bytes).
    Removing stm32f1xx_hal_msp.o(i.HAL_UART_MspDeInit), (100 bytes).
    Removing stm32f1xx_it.o(.rev16_text), (4 bytes).
    Removing stm32f1xx_it.o(.revsh_text), (4 bytes).
    Removing stm32f1xx_it.o(.rrx_text), (6 bytes).
    Removing bsp.o(.rev16_text), (4 bytes).
    Removing bsp.o(.revsh_text), (4 bytes).
    Removing bsp.o(.rrx_text), (6 bytes).
    Removing bsp.o(i.reboot), (32 bytes).
    Removing gpio.o(.rev16_text), (4 bytes).
    Removing gpio.o(.revsh_text), (4 bytes).
    Removing gpio.o(.rrx_text), (6 bytes).
    Removing tim.o(.rev16_text), (4 bytes).
    Removing tim.o(.revsh_text), (4 bytes).
    Removing tim.o(.rrx_text), (6 bytes).
    Removing tim.o(.bss), (64 bytes).
    Removing usart.o(.rev16_text), (4 bytes).
    Removing usart.o(.revsh_text), (4 bytes).
    Removing usart.o(.rrx_text), (6 bytes).
    Removing usart.o(i.UART_SEND), (128 bytes).
    Removing usart.o(i.printHex), (64 bytes).
    Removing fal.o(.rev16_text), (4 bytes).
    Removing fal.o(.revsh_text), (4 bytes).
    Removing fal.o(.rrx_text), (6 bytes).
    Removing fal.o(i.force_loadAPP), (108 bytes).
    Removing fal.o(i.loadAPP), (176 bytes).
    Removing task.o(.rev16_text), (4 bytes).
    Removing task.o(.revsh_text), (4 bytes).
    Removing task.o(.rrx_text), (6 bytes).
    Removing cpuflash.o(.rev16_text), (4 bytes).
    Removing cpuflash.o(.revsh_text), (4 bytes).
    Removing cpuflash.o(.rrx_text), (6 bytes).
    Removing cpuflash.o(i.cpuflash_disableReadProtect), (124 bytes).
    Removing cpuflash.o(i.cpuflash_enableReadProtect), (124 bytes).
    Removing gxxserver.o(.rev16_text), (4 bytes).
    Removing gxxserver.o(.revsh_text), (4 bytes).
    Removing gxxserver.o(.rrx_text), (6 bytes).
    Removing gxxserver.o(i.gxxSvr_SendPack), (20 bytes).
    Removing gxxserver.o(i.gxxSvr_protoProcess), (4 bytes).
    Removing main.o(.rev16_text), (4 bytes).
    Removing main.o(.revsh_text), (4 bytes).
    Removing main.o(.rrx_text), (6 bytes).
    Removing dadd.o(.text), (334 bytes).
    Removing dmul.o(.text), (228 bytes).
    Removing ddiv.o(.text), (222 bytes).
    Removing dfixul.o(.text), (48 bytes).
    Removing cdrcmple.o(.text), (48 bytes).
    Removing depilogue.o(.text), (186 bytes).

504 unused section(s) (total 38098 bytes) removed from the image.

==============================================================================

Image Symbol Table

    Local Symbols

    Symbol Name                              Value     Ov Type        Size  Object(Section)

    ../clib/microlib/division.c              0x00000000   Number         0  uldiv.o ABSOLUTE
    ../clib/microlib/division.c              0x00000000   Number         0  uidiv.o ABSOLUTE
    ../clib/microlib/init/entry.s            0x00000000   Number         0  entry11a.o ABSOLUTE
    ../clib/microlib/init/entry.s            0x00000000   Number         0  entry8b.o ABSOLUTE
    ../clib/microlib/init/entry.s            0x00000000   Number         0  entry.o ABSOLUTE
    ../clib/microlib/init/entry.s            0x00000000   Number         0  entry10a.o ABSOLUTE
    ../clib/microlib/init/entry.s            0x00000000   Number         0  entry11b.o ABSOLUTE
    ../clib/microlib/init/entry.s            0x00000000   Number         0  entry9b.o ABSOLUTE
    ../clib/microlib/init/entry.s            0x00000000   Number         0  entry9a.o ABSOLUTE
    ../clib/microlib/init/entry.s            0x00000000   Number         0  entry10b.o ABSOLUTE
    ../clib/microlib/init/entry.s            0x00000000   Number         0  entry2.o ABSOLUTE
    ../clib/microlib/init/entry.s            0x00000000   Number         0  entry7b.o ABSOLUTE
    ../clib/microlib/init/entry.s            0x00000000   Number         0  entry5.o ABSOLUTE
    ../clib/microlib/init/entry.s            0x00000000   Number         0  entry8a.o ABSOLUTE
    ../clib/microlib/init/entry.s            0x00000000   Number         0  entry7a.o ABSOLUTE
    ../clib/microlib/longlong.c              0x00000000   Number         0  llsshr.o ABSOLUTE
    ../clib/microlib/longlong.c              0x00000000   Number         0  llushr.o ABSOLUTE
    ../clib/microlib/longlong.c              0x00000000   Number         0  llshl.o ABSOLUTE
    ../clib/microlib/printf/printf.c         0x00000000   Number         0  printf1.o ABSOLUTE
    ../clib/microlib/printf/printf.c         0x00000000   Number         0  printf2.o ABSOLUTE
    ../clib/microlib/printf/printf.c         0x00000000   Number         0  printf3.o ABSOLUTE
    ../clib/microlib/printf/printf.c         0x00000000   Number         0  printf8.o ABSOLUTE
    ../clib/microlib/printf/printf.c         0x00000000   Number         0  printfa.o ABSOLUTE
    ../clib/microlib/printf/printf.c         0x00000000   Number         0  printf5.o ABSOLUTE
    ../clib/microlib/printf/printf.c         0x00000000   Number         0  printf6.o ABSOLUTE
    ../clib/microlib/printf/printf.c         0x00000000   Number         0  printf7.o ABSOLUTE
    ../clib/microlib/printf/printf.c         0x00000000   Number         0  printfb.o ABSOLUTE
    ../clib/microlib/printf/printf.c         0x00000000   Number         0  printf4.o ABSOLUTE
    ../clib/microlib/printf/printf.c         0x00000000   Number         0  printf0.o ABSOLUTE
    ../clib/microlib/printf/stubs.s          0x00000000   Number         0  stubs.o ABSOLUTE
    ../clib/microlib/stdio/streams.c         0x00000000   Number         0  stdout.o ABSOLUTE
    ../clib/microlib/string/memcpy.c         0x00000000   Number         0  memcpyb.o ABSOLUTE
    ../clib/microlib/string/memcpy.c         0x00000000   Number         0  memcpya.o ABSOLUTE
    ../clib/microlib/string/memset.c         0x00000000   Number         0  memseta.o ABSOLUTE
    ../clib/microlib/stubs.s                 0x00000000   Number         0  iusefp.o ABSOLUTE
    ../fplib/microlib/fpadd.c                0x00000000   Number         0  dadd.o ABSOLUTE
    ../fplib/microlib/fpdiv.c                0x00000000   Number         0  ddiv.o ABSOLUTE
    ../fplib/microlib/fpepilogue.c           0x00000000   Number         0  depilogue.o ABSOLUTE
    ../fplib/microlib/fpfix.c                0x00000000   Number         0  dfixul.o ABSOLUTE
    ../fplib/microlib/fpmul.c                0x00000000   Number         0  dmul.o ABSOLUTE
    ..\..\source\common\src\RingBuffer.c     0x00000000   Number         0  ringbuffer.o ABSOLUTE
    ..\..\source\common\src\public.c         0x00000000   Number         0  public.o ABSOLUTE
    ..\..\source\fal\src\cpuFlash.c          0x00000000   Number         0  cpuflash.o ABSOLUTE
    ..\..\source\fal\src\fal.c               0x00000000   Number         0  fal.o ABSOLUTE
    ..\..\source\fal\src\task.c              0x00000000   Number         0  task.o ABSOLUTE
    ..\..\source\hal\BSP\Src\BSP.c           0x00000000   Number         0  bsp.o ABSOLUTE
    ..\..\source\hal\BSP\Src\gpio.c          0x00000000   Number         0  gpio.o ABSOLUTE
    ..\..\source\hal\BSP\Src\tim.c           0x00000000   Number         0  tim.o ABSOLUTE
    ..\..\source\hal\BSP\Src\usart.c         0x00000000   Number         0  usart.o ABSOLUTE
    ..\..\source\hal\BSP\hal_config\stm32f1xx_hal_msp.c 0x00000000   Number         0  stm32f1xx_hal_msp.o ABSOLUTE
    ..\..\source\hal\BSP\hal_config\stm32f1xx_it.c 0x00000000   Number         0  stm32f1xx_it.o ABSOLUTE
    ..\..\source\hal\FWLIB\CMSIS\startup\startup_stm32f103xe.s 0x00000000   Number         0  startup_stm32f103xe.o ABSOLUTE
    ..\..\source\hal\FWLIB\CMSIS\system_stm32f1xx.c 0x00000000   Number         0  system_stm32f1xx.o ABSOLUTE
    ..\..\source\hal\FWLIB\STM32F1xx_HAL_Driver\Src\stm32f1xx_hal.c 0x00000000   Number         0  stm32f1xx_hal.o ABSOLUTE
    ..\..\source\hal\FWLIB\STM32F1xx_HAL_Driver\Src\stm32f1xx_hal_cortex.c 0x00000000   Number         0  stm32f1xx_hal_cortex.o ABSOLUTE
    ..\..\source\hal\FWLIB\STM32F1xx_HAL_Driver\Src\stm32f1xx_hal_dma.c 0x00000000   Number         0  stm32f1xx_hal_dma.o ABSOLUTE
    ..\..\source\hal\FWLIB\STM32F1xx_HAL_Driver\Src\stm32f1xx_hal_flash.c 0x00000000   Number         0  stm32f1xx_hal_flash.o ABSOLUTE
    ..\..\source\hal\FWLIB\STM32F1xx_HAL_Driver\Src\stm32f1xx_hal_flash_ex.c 0x00000000   Number         0  stm32f1xx_hal_flash_ex.o ABSOLUTE
    ..\..\source\hal\FWLIB\STM32F1xx_HAL_Driver\Src\stm32f1xx_hal_gpio.c 0x00000000   Number         0  stm32f1xx_hal_gpio.o ABSOLUTE
    ..\..\source\hal\FWLIB\STM32F1xx_HAL_Driver\Src\stm32f1xx_hal_gpio_ex.c 0x00000000   Number         0  stm32f1xx_hal_gpio_ex.o ABSOLUTE
    ..\..\source\hal\FWLIB\STM32F1xx_HAL_Driver\Src\stm32f1xx_hal_i2c.c 0x00000000   Number         0  stm32f1xx_hal_i2c.o ABSOLUTE
    ..\..\source\hal\FWLIB\STM32F1xx_HAL_Driver\Src\stm32f1xx_hal_pwr.c 0x00000000   Number         0  stm32f1xx_hal_pwr.o ABSOLUTE
    ..\..\source\hal\FWLIB\STM32F1xx_HAL_Driver\Src\stm32f1xx_hal_rcc.c 0x00000000   Number         0  stm32f1xx_hal_rcc.o ABSOLUTE
    ..\..\source\hal\FWLIB\STM32F1xx_HAL_Driver\Src\stm32f1xx_hal_rcc_ex.c 0x00000000   Number         0  stm32f1xx_hal_rcc_ex.o ABSOLUTE
    ..\..\source\hal\FWLIB\STM32F1xx_HAL_Driver\Src\stm32f1xx_hal_spi.c 0x00000000   Number         0  stm32f1xx_hal_spi.o ABSOLUTE
    ..\..\source\hal\FWLIB\STM32F1xx_HAL_Driver\Src\stm32f1xx_hal_spi_ex.c 0x00000000   Number         0  stm32f1xx_hal_spi_ex.o ABSOLUTE
    ..\..\source\hal\FWLIB\STM32F1xx_HAL_Driver\Src\stm32f1xx_hal_tim.c 0x00000000   Number         0  stm32f1xx_hal_tim.o ABSOLUTE
    ..\..\source\hal\FWLIB\STM32F1xx_HAL_Driver\Src\stm32f1xx_hal_tim_ex.c 0x00000000   Number         0  stm32f1xx_hal_tim_ex.o ABSOLUTE
    ..\..\source\hal\FWLIB\STM32F1xx_HAL_Driver\Src\stm32f1xx_hal_uart.c 0x00000000   Number         0  stm32f1xx_hal_uart.o ABSOLUTE
    ..\..\source\main.c                      0x00000000   Number         0  main.o ABSOLUTE
    ..\..\source\pal\src\gxxServer.c         0x00000000   Number         0  gxxserver.o ABSOLUTE
    ..\..\source\pal\src\pal.c               0x00000000   Number         0  pal.o ABSOLUTE
    ..\\..\\source\\fal\\src\\cpuFlash.c     0x00000000   Number         0  cpuflash.o ABSOLUTE
    ..\\..\\source\\fal\\src\\fal.c          0x00000000   Number         0  fal.o ABSOLUTE
    ..\\..\\source\\fal\\src\\task.c         0x00000000   Number         0  task.o ABSOLUTE
    ..\\..\\source\\hal\\BSP\\Src\\BSP.c     0x00000000   Number         0  bsp.o ABSOLUTE
    ..\\..\\source\\hal\\BSP\\Src\\gpio.c    0x00000000   Number         0  gpio.o ABSOLUTE
    ..\\..\\source\\hal\\BSP\\Src\\tim.c     0x00000000   Number         0  tim.o ABSOLUTE
    ..\\..\\source\\hal\\BSP\\Src\\usart.c   0x00000000   Number         0  usart.o ABSOLUTE
    ..\\..\\source\\hal\\BSP\\hal_config\\stm32f1xx_hal_msp.c 0x00000000   Number         0  stm32f1xx_hal_msp.o ABSOLUTE
    ..\\..\\source\\hal\\BSP\\hal_config\\stm32f1xx_it.c 0x00000000   Number         0  stm32f1xx_it.o ABSOLUTE
    ..\\..\\source\\hal\\FWLIB\\CMSIS\\system_stm32f1xx.c 0x00000000   Number         0  system_stm32f1xx.o ABSOLUTE
    ..\\..\\source\\hal\\FWLIB\\STM32F1xx_HAL_Driver\\Src\\stm32f1xx_hal.c 0x00000000   Number         0  stm32f1xx_hal.o ABSOLUTE
    ..\\..\\source\\hal\\FWLIB\\STM32F1xx_HAL_Driver\\Src\\stm32f1xx_hal_cortex.c 0x00000000   Number         0  stm32f1xx_hal_cortex.o ABSOLUTE
    ..\\..\\source\\hal\\FWLIB\\STM32F1xx_HAL_Driver\\Src\\stm32f1xx_hal_dma.c 0x00000000   Number         0  stm32f1xx_hal_dma.o ABSOLUTE
    ..\\..\\source\\hal\\FWLIB\\STM32F1xx_HAL_Driver\\Src\\stm32f1xx_hal_flash.c 0x00000000   Number         0  stm32f1xx_hal_flash.o ABSOLUTE
    ..\\..\\source\\hal\\FWLIB\\STM32F1xx_HAL_Driver\\Src\\stm32f1xx_hal_flash_ex.c 0x00000000   Number         0  stm32f1xx_hal_flash_ex.o ABSOLUTE
    ..\\..\\source\\hal\\FWLIB\\STM32F1xx_HAL_Driver\\Src\\stm32f1xx_hal_gpio.c 0x00000000   Number         0  stm32f1xx_hal_gpio.o ABSOLUTE
    ..\\..\\source\\hal\\FWLIB\\STM32F1xx_HAL_Driver\\Src\\stm32f1xx_hal_gpio_ex.c 0x00000000   Number         0  stm32f1xx_hal_gpio_ex.o ABSOLUTE
    ..\\..\\source\\hal\\FWLIB\\STM32F1xx_HAL_Driver\\Src\\stm32f1xx_hal_i2c.c 0x00000000   Number         0  stm32f1xx_hal_i2c.o ABSOLUTE
    ..\\..\\source\\hal\\FWLIB\\STM32F1xx_HAL_Driver\\Src\\stm32f1xx_hal_pwr.c 0x00000000   Number         0  stm32f1xx_hal_pwr.o ABSOLUTE
    ..\\..\\source\\hal\\FWLIB\\STM32F1xx_HAL_Driver\\Src\\stm32f1xx_hal_rcc.c 0x00000000   Number         0  stm32f1xx_hal_rcc.o ABSOLUTE
    ..\\..\\source\\hal\\FWLIB\\STM32F1xx_HAL_Driver\\Src\\stm32f1xx_hal_rcc_ex.c 0x00000000   Number         0  stm32f1xx_hal_rcc_ex.o ABSOLUTE
    ..\\..\\source\\hal\\FWLIB\\STM32F1xx_HAL_Driver\\Src\\stm32f1xx_hal_spi.c 0x00000000   Number         0  stm32f1xx_hal_spi.o ABSOLUTE
    ..\\..\\source\\hal\\FWLIB\\STM32F1xx_HAL_Driver\\Src\\stm32f1xx_hal_spi_ex.c 0x00000000   Number         0  stm32f1xx_hal_spi_ex.o ABSOLUTE
    ..\\..\\source\\hal\\FWLIB\\STM32F1xx_HAL_Driver\\Src\\stm32f1xx_hal_tim.c 0x00000000   Number         0  stm32f1xx_hal_tim.o ABSOLUTE
    ..\\..\\source\\hal\\FWLIB\\STM32F1xx_HAL_Driver\\Src\\stm32f1xx_hal_tim_ex.c 0x00000000   Number         0  stm32f1xx_hal_tim_ex.o ABSOLUTE
    ..\\..\\source\\hal\\FWLIB\\STM32F1xx_HAL_Driver\\Src\\stm32f1xx_hal_uart.c 0x00000000   Number         0  stm32f1xx_hal_uart.o ABSOLUTE
    ..\\..\\source\\main.c                   0x00000000   Number         0  main.o ABSOLUTE
    ..\\..\\source\\pal\\src\\gxxServer.c    0x00000000   Number         0  gxxserver.o ABSOLUTE
    cdrcmple.s                               0x00000000   Number         0  cdrcmple.o ABSOLUTE
    dc.s                                     0x00000000   Number         0  dc.o ABSOLUTE
    handlers.s                               0x00000000   Number         0  handlers.o ABSOLUTE
    init.s                                   0x00000000   Number         0  init.o ABSOLUTE
    RESET                                    0x0800c200   Section      304  startup_stm32f103xe.o(RESET)
    .ARM.Collect$$$$00000000                 0x0800c330   Section        0  entry.o(.ARM.Collect$$$$00000000)
    .ARM.Collect$$$$00000001                 0x0800c330   Section        4  entry2.o(.ARM.Collect$$$$00000001)
    .ARM.Collect$$$$00000004                 0x0800c334   Section        4  entry5.o(.ARM.Collect$$$$00000004)
    .ARM.Collect$$$$00000008                 0x0800c338   Section        0  entry7b.o(.ARM.Collect$$$$00000008)
    .ARM.Collect$$$$0000000A                 0x0800c338   Section        0  entry8b.o(.ARM.Collect$$$$0000000A)
    .ARM.Collect$$$$0000000B                 0x0800c338   Section        8  entry9a.o(.ARM.Collect$$$$0000000B)
    .ARM.Collect$$$$0000000D                 0x0800c340   Section        0  entry10a.o(.ARM.Collect$$$$0000000D)
    .ARM.Collect$$$$0000000F                 0x0800c340   Section        0  entry11a.o(.ARM.Collect$$$$0000000F)
    .ARM.Collect$$$$00002712                 0x0800c340   Section        4  entry2.o(.ARM.Collect$$$$00002712)
    __lit__00000000                          0x0800c340   Data           4  entry2.o(.ARM.Collect$$$$00002712)
    .text                                    0x0800c344   Section       36  startup_stm32f103xe.o(.text)
    .text                                    0x0800c368   Section        0  uldiv.o(.text)
    .text                                    0x0800c3ca   Section        0  llushr.o(.text)
    .text                                    0x0800c3ea   Section        0  memcpya.o(.text)
    .text                                    0x0800c40e   Section        0  memseta.o(.text)
    .text                                    0x0800c432   Section        0  llshl.o(.text)
    .text                                    0x0800c450   Section       36  init.o(.text)
    i.BSP_Init                               0x0800c474   Section        0  bsp.o(i.BSP_Init)
    i.BusFault_Handler                       0x0800c492   Section        0  stm32f1xx_it.o(i.BusFault_Handler)
    i.Deal_HighRank_Task                     0x0800c494   Section        0  task.o(i.Deal_HighRank_Task)
    i.Deal_LowRank_Task                      0x0800c49a   Section        0  task.o(i.Deal_LowRank_Task)
    i.Deal_MiddleRank_Task                   0x0800c4a0   Section        0  task.o(i.Deal_MiddleRank_Task)
    i.DebugMon_Handler                       0x0800c4b6   Section        0  stm32f1xx_it.o(i.DebugMon_Handler)
    i.Error_Handler                          0x0800c4b8   Section        0  main.o(i.Error_Handler)
    i.FLASH_MassErase                        0x0800c4e0   Section        0  stm32f1xx_hal_flash_ex.o(i.FLASH_MassErase)
    FLASH_MassErase                          0x0800c4e1   Thumb Code    26  stm32f1xx_hal_flash_ex.o(i.FLASH_MassErase)
    i.FLASH_PageErase                        0x0800c504   Section        0  stm32f1xx_hal_flash_ex.o(i.FLASH_PageErase)
    i.FLASH_Program_HalfWord                 0x0800c528   Section        0  stm32f1xx_hal_flash.o(i.FLASH_Program_HalfWord)
    FLASH_Program_HalfWord                   0x0800c529   Thumb Code    20  stm32f1xx_hal_flash.o(i.FLASH_Program_HalfWord)
    i.FLASH_SetErrorCode                     0x0800c544   Section        0  stm32f1xx_hal_flash.o(i.FLASH_SetErrorCode)
    FLASH_SetErrorCode                       0x0800c545   Thumb Code    84  stm32f1xx_hal_flash.o(i.FLASH_SetErrorCode)
    i.FLASH_WaitForLastOperation             0x0800c5a0   Section        0  stm32f1xx_hal_flash.o(i.FLASH_WaitForLastOperation)
    i.GPIO_feedDog                           0x0800c5f4   Section        0  gpio.o(i.GPIO_feedDog)
    i.HAL_DMA_Abort_IT                       0x0800c604   Section        0  stm32f1xx_hal_dma.o(i.HAL_DMA_Abort_IT)
    i.HAL_FLASHEx_Erase                      0x0800c734   Section        0  stm32f1xx_hal_flash_ex.o(i.HAL_FLASHEx_Erase)
    i.HAL_FLASH_Lock                         0x0800c7dc   Section        0  stm32f1xx_hal_flash.o(i.HAL_FLASH_Lock)
    i.HAL_FLASH_Program                      0x0800c7f0   Section        0  stm32f1xx_hal_flash.o(i.HAL_FLASH_Program)
    i.HAL_FLASH_Unlock                       0x0800c870   Section        0  stm32f1xx_hal_flash.o(i.HAL_FLASH_Unlock)
    i.HAL_GPIO_Init                          0x0800c898   Section        0  stm32f1xx_hal_gpio.o(i.HAL_GPIO_Init)
    i.HAL_GPIO_TogglePin                     0x0800ca80   Section        0  stm32f1xx_hal_gpio.o(i.HAL_GPIO_TogglePin)
    i.HAL_GPIO_WritePin                      0x0800ca88   Section        0  stm32f1xx_hal_gpio.o(i.HAL_GPIO_WritePin)
    i.HAL_GetTick                            0x0800ca94   Section        0  stm32f1xx_hal.o(i.HAL_GetTick)
    i.HAL_IncTick                            0x0800caa0   Section        0  stm32f1xx_hal.o(i.HAL_IncTick)
    i.HAL_Init                               0x0800cab0   Section        0  stm32f1xx_hal.o(i.HAL_Init)
    i.HAL_InitTick                           0x0800cad4   Section        0  stm32f1xx_hal.o(i.HAL_InitTick)
    i.HAL_MspInit                            0x0800cb14   Section        0  stm32f1xx_hal_msp.o(i.HAL_MspInit)
    i.HAL_NVIC_EnableIRQ                     0x0800cb50   Section        0  stm32f1xx_hal_cortex.o(i.HAL_NVIC_EnableIRQ)
    i.HAL_NVIC_SetPriority                   0x0800cb68   Section        0  stm32f1xx_hal_cortex.o(i.HAL_NVIC_SetPriority)
    i.HAL_NVIC_SetPriorityGrouping           0x0800cba8   Section        0  stm32f1xx_hal_cortex.o(i.HAL_NVIC_SetPriorityGrouping)
    i.HAL_RCC_ClockConfig                    0x0800cbcc   Section        0  stm32f1xx_hal_rcc.o(i.HAL_RCC_ClockConfig)
    i.HAL_RCC_GetPCLK1Freq                   0x0800cd38   Section        0  stm32f1xx_hal_rcc.o(i.HAL_RCC_GetPCLK1Freq)
    i.HAL_RCC_GetPCLK2Freq                   0x0800cd58   Section        0  stm32f1xx_hal_rcc.o(i.HAL_RCC_GetPCLK2Freq)
    i.HAL_RCC_GetSysClockFreq                0x0800cd78   Section        0  stm32f1xx_hal_rcc.o(i.HAL_RCC_GetSysClockFreq)
    i.HAL_RCC_OscConfig                      0x0800cde4   Section        0  stm32f1xx_hal_rcc.o(i.HAL_RCC_OscConfig)
    i.HAL_SYSTICK_Config                     0x0800d0e8   Section        0  stm32f1xx_hal_cortex.o(i.HAL_SYSTICK_Config)
    i.HAL_TIMEx_BreakCallback                0x0800d110   Section        0  stm32f1xx_hal_tim_ex.o(i.HAL_TIMEx_BreakCallback)
    i.HAL_TIMEx_CommutationCallback          0x0800d112   Section        0  stm32f1xx_hal_tim_ex.o(i.HAL_TIMEx_CommutationCallback)
    i.HAL_TIMEx_MasterConfigSynchronization  0x0800d114   Section        0  stm32f1xx_hal_tim_ex.o(i.HAL_TIMEx_MasterConfigSynchronization)
    i.HAL_TIM_Base_Init                      0x0800d164   Section        0  stm32f1xx_hal_tim.o(i.HAL_TIM_Base_Init)
    i.HAL_TIM_Base_MspInit                   0x0800d19c   Section        0  stm32f1xx_hal_msp.o(i.HAL_TIM_Base_MspInit)
    i.HAL_TIM_Base_Start_IT                  0x0800d1f0   Section        0  stm32f1xx_hal_tim.o(i.HAL_TIM_Base_Start_IT)
    i.HAL_TIM_ConfigClockSource              0x0800d208   Section        0  stm32f1xx_hal_tim.o(i.HAL_TIM_ConfigClockSource)
    i.HAL_TIM_IC_CaptureCallback             0x0800d2fa   Section        0  stm32f1xx_hal_tim.o(i.HAL_TIM_IC_CaptureCallback)
    i.HAL_TIM_IRQHandler                     0x0800d2fc   Section        0  stm32f1xx_hal_tim.o(i.HAL_TIM_IRQHandler)
    i.HAL_TIM_OC_DelayElapsedCallback        0x0800d462   Section        0  stm32f1xx_hal_tim.o(i.HAL_TIM_OC_DelayElapsedCallback)
    i.HAL_TIM_PWM_PulseFinishedCallback      0x0800d464   Section        0  stm32f1xx_hal_tim.o(i.HAL_TIM_PWM_PulseFinishedCallback)
    i.HAL_TIM_PeriodElapsedCallback          0x0800d468   Section        0  tim.o(i.HAL_TIM_PeriodElapsedCallback)
    i.HAL_TIM_TriggerCallback                0x0800d56c   Section        0  stm32f1xx_hal_tim.o(i.HAL_TIM_TriggerCallback)
    i.HAL_UART_ErrorCallback                 0x0800d570   Section        0  usart.o(i.HAL_UART_ErrorCallback)
    i.HAL_UART_IRQHandler                    0x0800d658   Section        0  stm32f1xx_hal_uart.o(i.HAL_UART_IRQHandler)
    i.HAL_UART_Init                          0x0800d768   Section        0  stm32f1xx_hal_uart.o(i.HAL_UART_Init)
    i.HAL_UART_MspInit                       0x0800d7cc   Section        0  stm32f1xx_hal_msp.o(i.HAL_UART_MspInit)
    i.HAL_UART_Receive_IT                    0x0800d8bc   Section        0  stm32f1xx_hal_uart.o(i.HAL_UART_Receive_IT)
    i.HAL_UART_RxCpltCallback                0x0800d904   Section        0  usart.o(i.HAL_UART_RxCpltCallback)
    i.HAL_UART_Transmit                      0x0800d9a8   Section        0  stm32f1xx_hal_uart.o(i.HAL_UART_Transmit)
    i.HAL_UART_TxCpltCallback                0x0800da62   Section        0  stm32f1xx_hal_uart.o(i.HAL_UART_TxCpltCallback)
    i.HardFault_Handler                      0x0800da64   Section        0  stm32f1xx_it.o(i.HardFault_Handler)
    i.InitRingBuffer                         0x0800da66   Section        0  ringbuffer.o(i.InitRingBuffer)
    i.MX_GPIO_Init                           0x0800da80   Section        0  gpio.o(i.MX_GPIO_Init)
    i.MX_TIM3_Init                           0x0800db00   Section        0  tim.o(i.MX_TIM3_Init)
    i.MX_UART5_Init                          0x0800db6c   Section        0  usart.o(i.MX_UART5_Init)
    i.MX_UART_Init                           0x0800dba4   Section        0  usart.o(i.MX_UART_Init)
    i.MX_USART1_UART_Init                    0x0800dbd8   Section        0  usart.o(i.MX_USART1_UART_Init)
    i.MemManage_Handler                      0x0800dc10   Section        0  stm32f1xx_it.o(i.MemManage_Handler)
    i.NMI_Handler                            0x0800dc12   Section        0  stm32f1xx_it.o(i.NMI_Handler)
    i.NVIC_SetPriority                       0x0800dc14   Section        0  stm32f1xx_hal_cortex.o(i.NVIC_SetPriority)
    NVIC_SetPriority                         0x0800dc15   Thumb Code    32  stm32f1xx_hal_cortex.o(i.NVIC_SetPriority)
    i.NVIC_SetVectorTable                    0x0800dc34   Section        0  fal.o(i.NVIC_SetVectorTable)
    i.PendSV_Handler                         0x0800dc48   Section        0  stm32f1xx_it.o(i.PendSV_Handler)
    i.RingBufferFlush                        0x0800dc4a   Section        0  ringbuffer.o(i.RingBufferFlush)
    i.RingBufferLen                          0x0800dc5c   Section        0  ringbuffer.o(i.RingBufferLen)
    i.RingBufferWrite                        0x0800dc78   Section        0  ringbuffer.o(i.RingBufferWrite)
    i.RingBufferWriteMax                     0x0800dcdc   Section        0  ringbuffer.o(i.RingBufferWriteMax)
    i.SVC_Handler                            0x0800dd08   Section        0  stm32f1xx_it.o(i.SVC_Handler)
    i.SysTick_Handler                        0x0800dd0a   Section        0  stm32f1xx_it.o(i.SysTick_Handler)
    i.SystemClock_Config                     0x0800dd0e   Section        0  bsp.o(i.SystemClock_Config)
    i.SystemInit                             0x0800dd6c   Section        0  system_stm32f1xx.o(i.SystemInit)
    i.TIM3_IRQHandler                        0x0800ddb4   Section        0  stm32f1xx_it.o(i.TIM3_IRQHandler)
    i.TIM_Base_SetConfig                     0x0800ddc0   Section        0  stm32f1xx_hal_tim.o(i.TIM_Base_SetConfig)
    i.TIM_ETR_SetConfig                      0x0800de4c   Section        0  stm32f1xx_hal_tim.o(i.TIM_ETR_SetConfig)
    TIM_ETR_SetConfig                        0x0800de4d   Thumb Code    20  stm32f1xx_hal_tim.o(i.TIM_ETR_SetConfig)
    i.TIM_ITRx_SetConfig                     0x0800de60   Section        0  stm32f1xx_hal_tim.o(i.TIM_ITRx_SetConfig)
    TIM_ITRx_SetConfig                       0x0800de61   Thumb Code    16  stm32f1xx_hal_tim.o(i.TIM_ITRx_SetConfig)
    i.TIM_TI1_ConfigInputStage               0x0800de70   Section        0  stm32f1xx_hal_tim.o(i.TIM_TI1_ConfigInputStage)
    TIM_TI1_ConfigInputStage                 0x0800de71   Thumb Code    34  stm32f1xx_hal_tim.o(i.TIM_TI1_ConfigInputStage)
    i.TIM_TI2_ConfigInputStage               0x0800de92   Section        0  stm32f1xx_hal_tim.o(i.TIM_TI2_ConfigInputStage)
    TIM_TI2_ConfigInputStage                 0x0800de93   Thumb Code    36  stm32f1xx_hal_tim.o(i.TIM_TI2_ConfigInputStage)
    i.Task_EachRound                         0x0800deb6   Section        0  task.o(i.Task_EachRound)
    i.Timer_CheckMark                        0x0800debc   Section        0  tim.o(i.Timer_CheckMark)
    i.Timer_ParamInit                        0x0800df08   Section        0  tim.o(i.Timer_ParamInit)
    i.UART5_IRQHandler                       0x0800df38   Section        0  stm32f1xx_it.o(i.UART5_IRQHandler)
    i.UART_DMAAbortOnError                   0x0800df44   Section        0  stm32f1xx_hal_uart.o(i.UART_DMAAbortOnError)
    UART_DMAAbortOnError                     0x0800df45   Thumb Code    16  stm32f1xx_hal_uart.o(i.UART_DMAAbortOnError)
    i.UART_EndRxTransfer                     0x0800df54   Section        0  stm32f1xx_hal_uart.o(i.UART_EndRxTransfer)
    UART_EndRxTransfer                       0x0800df55   Thumb Code    28  stm32f1xx_hal_uart.o(i.UART_EndRxTransfer)
    i.UART_READ                              0x0800df70   Section        0  usart.o(i.UART_READ)
    i.UART_Receive_IT                        0x0800e07c   Section        0  stm32f1xx_hal_uart.o(i.UART_Receive_IT)
    UART_Receive_IT                          0x0800e07d   Thumb Code   150  stm32f1xx_hal_uart.o(i.UART_Receive_IT)
    i.UART_SetConfig                         0x0800e114   Section        0  stm32f1xx_hal_uart.o(i.UART_SetConfig)
    UART_SetConfig                           0x0800e115   Thumb Code   364  stm32f1xx_hal_uart.o(i.UART_SetConfig)
    i.UART_Transmit_IT                       0x0800e284   Section        0  stm32f1xx_hal_uart.o(i.UART_Transmit_IT)
    UART_Transmit_IT                         0x0800e285   Thumb Code    98  stm32f1xx_hal_uart.o(i.UART_Transmit_IT)
    i.UART_WaitOnFlagUntilTimeout            0x0800e2e6   Section        0  stm32f1xx_hal_uart.o(i.UART_WaitOnFlagUntilTimeout)
    UART_WaitOnFlagUntilTimeout              0x0800e2e7   Thumb Code   100  stm32f1xx_hal_uart.o(i.UART_WaitOnFlagUntilTimeout)
    i.USART1_IRQHandler                      0x0800e34c   Section        0  stm32f1xx_it.o(i.USART1_IRQHandler)
    i.UsageFault_Handler                     0x0800e358   Section        0  stm32f1xx_it.o(i.UsageFault_Handler)
    i.__0printf$8                            0x0800e35c   Section        0  printf8.o(i.__0printf$8)
    i.__scatterload_copy                     0x0800e37c   Section       14  handlers.o(i.__scatterload_copy)
    i.__scatterload_null                     0x0800e38a   Section        2  handlers.o(i.__scatterload_null)
    i.__scatterload_zeroinit                 0x0800e38c   Section       14  handlers.o(i.__scatterload_zeroinit)
    i._printf_core                           0x0800e39c   Section        0  printf8.o(i._printf_core)
    _printf_core                             0x0800e39d   Thumb Code   996  printf8.o(i._printf_core)
    i._printf_post_padding                   0x0800e7ac   Section        0  printf8.o(i._printf_post_padding)
    _printf_post_padding                     0x0800e7ad   Thumb Code    36  printf8.o(i._printf_post_padding)
    i._printf_pre_padding                    0x0800e7d0   Section        0  printf8.o(i._printf_pre_padding)
    _printf_pre_padding                      0x0800e7d1   Thumb Code    46  printf8.o(i._printf_pre_padding)
    i.check_paramInfo                        0x0800e800   Section        0  fal.o(i.check_paramInfo)
    i.cpuflash_Init                          0x0800e880   Section        0  cpuflash.o(i.cpuflash_Init)
    i.cpuflash_erase                         0x0800e884   Section        0  cpuflash.o(i.cpuflash_erase)
    i.cpuflash_read                          0x0800e8c8   Section        0  cpuflash.o(i.cpuflash_read)
    i.cpuflash_write                         0x0800e8e0   Section        0  cpuflash.o(i.cpuflash_write)
    i.fal_Init                               0x0800e978   Section        0  fal.o(i.fal_Init)
    i.fputc                                  0x0800e98c   Section        0  usart.o(i.fputc)
    i.gxxServer_Init                         0x0800e9a4   Section        0  gxxserver.o(i.gxxServer_Init)
    i.gxxServer_Task                         0x0800e9dc   Section        0  gxxserver.o(i.gxxServer_Task)
    i.gxxSvr_getProtoData                    0x0800e9f8   Section        0  gxxserver.o(i.gxxSvr_getProtoData)
    i.main                                   0x0800ea2c   Section        0  main.o(i.main)
    i.pal_Init                               0x0800eaa0   Section        0  pal.o(i.pal_Init)
    i.pal_Task                               0x0800eaaa   Section        0  pal.o(i.pal_Task)
    .constdata                               0x0800eaae   Section       16  system_stm32f1xx.o(.constdata)
    .constdata                               0x0800eabe   Section        8  system_stm32f1xx.o(.constdata)
    .constdata                               0x0800eac8   Section       54  tim.o(.constdata)
    __FUNCTION__                             0x0800eae0   Data          30  tim.o(.constdata)
    .constdata                               0x0800eafe   Section       57  usart.o(.constdata)
    __FUNCTION__                             0x0800eafe   Data          10  usart.o(.constdata)
    __FUNCTION__                             0x0800eb08   Data          24  usart.o(.constdata)
    __FUNCTION__                             0x0800eb20   Data          23  usart.o(.constdata)
    .constdata                               0x0800eb37   Section       38  fal.o(.constdata)
    __FUNCTION__                             0x0800eb37   Data           8  fal.o(.constdata)
    __FUNCTION__                             0x0800eb3f   Data          14  fal.o(.constdata)
    __FUNCTION__                             0x0800eb4d   Data          16  fal.o(.constdata)
    .constdata                               0x0800eb5d   Section       70  cpuflash.o(.constdata)
    __FUNCTION__                             0x0800eb5d   Data          15  cpuflash.o(.constdata)
    __FUNCTION__                             0x0800eb6c   Data          27  cpuflash.o(.constdata)
    __FUNCTION__                             0x0800eb87   Data          28  cpuflash.o(.constdata)
    .constdata                               0x0800eba3   Section        5  main.o(.constdata)
    __FUNCTION__                             0x0800eba3   Data           5  main.o(.constdata)
    .data                                    0x20000000   Section        4  system_stm32f1xx.o(.data)
    .data                                    0x20000004   Section       12  stm32f1xx_hal.o(.data)
    .data                                    0x20000010   Section        4  stdout.o(.data)
    .bss                                     0x20000018   Section       32  stm32f1xx_hal_flash.o(.bss)
    .bss                                     0x20000038   Section       84  tim.o(.bss)
    .bss                                     0x2000008c   Section      648  usart.o(.bss)
    .bss                                     0x20000314   Section     3132  gxxserver.o(.bss)
    gSvr_InRingBuf                           0x20000b50   Data        1024  gxxserver.o(.bss)
    STACK                                    0x20000f50   Section     1024  startup_stm32f103xe.o(STACK)

    Global Symbols

    Symbol Name                              Value     Ov Type        Size  Object(Section)

    BuildAttributes$$THM_ISAv4$P$D$K$B$S$PE$A:L22UL41UL21$X:L11$S22US41US21$IEEE1$IW$USESV6$~STKCKD$USESV7$~SHL$OSPACE$ROPI$EBA8$MICROLIB$REQ8$PRES8$EABIv2 0x00000000   Number         0  anon$$obj.o ABSOLUTE
    __ARM_use_no_argv                        0x00000000   Number         0  main.o ABSOLUTE
    _printf_a                                0x00000000   Number         0  stubs.o ABSOLUTE
    _printf_c                                0x00000000   Number         0  stubs.o ABSOLUTE
    _printf_charcount                        0x00000000   Number         0  stubs.o ABSOLUTE
    _printf_d                                0x00000000   Number         0  stubs.o ABSOLUTE
    _printf_e                                0x00000000   Number         0  stubs.o ABSOLUTE
    _printf_f                                0x00000000   Number         0  stubs.o ABSOLUTE
    _printf_flags                            0x00000000   Number         0  stubs.o ABSOLUTE
    _printf_fp_dec                           0x00000000   Number         0  stubs.o ABSOLUTE
    _printf_fp_hex                           0x00000000   Number         0  stubs.o ABSOLUTE
    _printf_g                                0x00000000   Number         0  stubs.o ABSOLUTE
    _printf_i                                0x00000000   Number         0  stubs.o ABSOLUTE
    _printf_int_dec                          0x00000000   Number         0  stubs.o ABSOLUTE
    _printf_l                                0x00000000   Number         0  stubs.o ABSOLUTE
    _printf_lc                               0x00000000   Number         0  stubs.o ABSOLUTE
    _printf_ll                               0x00000000   Number         0  stubs.o ABSOLUTE
    _printf_lld                              0x00000000   Number         0  stubs.o ABSOLUTE
    _printf_lli                              0x00000000   Number         0  stubs.o ABSOLUTE
    _printf_llo                              0x00000000   Number         0  stubs.o ABSOLUTE
    _printf_llu                              0x00000000   Number         0  stubs.o ABSOLUTE
    _printf_llx                              0x00000000   Number         0  stubs.o ABSOLUTE
    _printf_longlong_dec                     0x00000000   Number         0  stubs.o ABSOLUTE
    _printf_longlong_hex                     0x00000000   Number         0  stubs.o ABSOLUTE
    _printf_longlong_oct                     0x00000000   Number         0  stubs.o ABSOLUTE
    _printf_ls                               0x00000000   Number         0  stubs.o ABSOLUTE
    _printf_mbtowc                           0x00000000   Number         0  stubs.o ABSOLUTE
    _printf_n                                0x00000000   Number         0  stubs.o ABSOLUTE
    _printf_o                                0x00000000   Number         0  stubs.o ABSOLUTE
    _printf_p                                0x00000000   Number         0  stubs.o ABSOLUTE
    _printf_percent                          0x00000000   Number         0  stubs.o ABSOLUTE
    _printf_pre_padding                      0x00000000   Number         0  stubs.o ABSOLUTE
    _printf_return_value                     0x00000000   Number         0  stubs.o ABSOLUTE
    _printf_s                                0x00000000   Number         0  stubs.o ABSOLUTE
    _printf_sizespec                         0x00000000   Number         0  stubs.o ABSOLUTE
    _printf_str                              0x00000000   Number         0  stubs.o ABSOLUTE
    _printf_truncate_signed                  0x00000000   Number         0  stubs.o ABSOLUTE
    _printf_truncate_unsigned                0x00000000   Number         0  stubs.o ABSOLUTE
    _printf_u                                0x00000000   Number         0  stubs.o ABSOLUTE
    _printf_wc                               0x00000000   Number         0  stubs.o ABSOLUTE
    _printf_wctomb                           0x00000000   Number         0  stubs.o ABSOLUTE
    _printf_widthprec                        0x00000000   Number         0  stubs.o ABSOLUTE
    _printf_x                                0x00000000   Number         0  stubs.o ABSOLUTE
    __cpp_initialize__aeabi_                  - Undefined Weak Reference
    __cxa_finalize                            - Undefined Weak Reference
    __decompress                              - Undefined Weak Reference
    _clock_init                               - Undefined Weak Reference
    _microlib_exit                            - Undefined Weak Reference
    __Vectors_Size                           0x00000130   Number         0  startup_stm32f103xe.o ABSOLUTE
    __Vectors                                0x0800c200   Data           4  startup_stm32f103xe.o(RESET)
    __Vectors_End                            0x0800c330   Data           0  startup_stm32f103xe.o(RESET)
    __main                                   0x0800c331   Thumb Code     0  entry.o(.ARM.Collect$$$$00000000)
    _main_stk                                0x0800c331   Thumb Code     0  entry2.o(.ARM.Collect$$$$00000001)
    _main_scatterload                        0x0800c335   Thumb Code     0  entry5.o(.ARM.Collect$$$$00000004)
    __main_after_scatterload                 0x0800c339   Thumb Code     0  entry5.o(.ARM.Collect$$$$00000004)
    _main_clock                              0x0800c339   Thumb Code     0  entry7b.o(.ARM.Collect$$$$00000008)
    _main_cpp_init                           0x0800c339   Thumb Code     0  entry8b.o(.ARM.Collect$$$$0000000A)
    _main_init                               0x0800c339   Thumb Code     0  entry9a.o(.ARM.Collect$$$$0000000B)
    __rt_final_cpp                           0x0800c341   Thumb Code     0  entry10a.o(.ARM.Collect$$$$0000000D)
    __rt_final_exit                          0x0800c341   Thumb Code     0  entry11a.o(.ARM.Collect$$$$0000000F)
    Reset_Handler                            0x0800c345   Thumb Code     8  startup_stm32f103xe.o(.text)
    ADC1_2_IRQHandler                        0x0800c35f   Thumb Code     0  startup_stm32f103xe.o(.text)
    ADC3_IRQHandler                          0x0800c35f   Thumb Code     0  startup_stm32f103xe.o(.text)
    CAN1_RX1_IRQHandler                      0x0800c35f   Thumb Code     0  startup_stm32f103xe.o(.text)
    CAN1_SCE_IRQHandler                      0x0800c35f   Thumb Code     0  startup_stm32f103xe.o(.text)
    DMA1_Channel1_IRQHandler                 0x0800c35f   Thumb Code     0  startup_stm32f103xe.o(.text)
    DMA1_Channel2_IRQHandler                 0x0800c35f   Thumb Code     0  startup_stm32f103xe.o(.text)
    DMA1_Channel3_IRQHandler                 0x0800c35f   Thumb Code     0  startup_stm32f103xe.o(.text)
    DMA1_Channel4_IRQHandler                 0x0800c35f   Thumb Code     0  startup_stm32f103xe.o(.text)
    DMA1_Channel5_IRQHandler                 0x0800c35f   Thumb Code     0  startup_stm32f103xe.o(.text)
    DMA1_Channel6_IRQHandler                 0x0800c35f   Thumb Code     0  startup_stm32f103xe.o(.text)
    DMA1_Channel7_IRQHandler                 0x0800c35f   Thumb Code     0  startup_stm32f103xe.o(.text)
    DMA2_Channel1_IRQHandler                 0x0800c35f   Thumb Code     0  startup_stm32f103xe.o(.text)
    DMA2_Channel2_IRQHandler                 0x0800c35f   Thumb Code     0  startup_stm32f103xe.o(.text)
    DMA2_Channel3_IRQHandler                 0x0800c35f   Thumb Code     0  startup_stm32f103xe.o(.text)
    DMA2_Channel4_5_IRQHandler               0x0800c35f   Thumb Code     0  startup_stm32f103xe.o(.text)
    EXTI0_IRQHandler                         0x0800c35f   Thumb Code     0  startup_stm32f103xe.o(.text)
    EXTI15_10_IRQHandler                     0x0800c35f   Thumb Code     0  startup_stm32f103xe.o(.text)
    EXTI1_IRQHandler                         0x0800c35f   Thumb Code     0  startup_stm32f103xe.o(.text)
    EXTI2_IRQHandler                         0x0800c35f   Thumb Code     0  startup_stm32f103xe.o(.text)
    EXTI3_IRQHandler                         0x0800c35f   Thumb Code     0  startup_stm32f103xe.o(.text)
    EXTI4_IRQHandler                         0x0800c35f   Thumb Code     0  startup_stm32f103xe.o(.text)
    EXTI9_5_IRQHandler                       0x0800c35f   Thumb Code     0  startup_stm32f103xe.o(.text)
    FLASH_IRQHandler                         0x0800c35f   Thumb Code     0  startup_stm32f103xe.o(.text)
    FSMC_IRQHandler                          0x0800c35f   Thumb Code     0  startup_stm32f103xe.o(.text)
    I2C1_ER_IRQHandler                       0x0800c35f   Thumb Code     0  startup_stm32f103xe.o(.text)
    I2C1_EV_IRQHandler                       0x0800c35f   Thumb Code     0  startup_stm32f103xe.o(.text)
    I2C2_ER_IRQHandler                       0x0800c35f   Thumb Code     0  startup_stm32f103xe.o(.text)
    I2C2_EV_IRQHandler                       0x0800c35f   Thumb Code     0  startup_stm32f103xe.o(.text)
    PVD_IRQHandler                           0x0800c35f   Thumb Code     0  startup_stm32f103xe.o(.text)
    RCC_IRQHandler                           0x0800c35f   Thumb Code     0  startup_stm32f103xe.o(.text)
    RTC_Alarm_IRQHandler                     0x0800c35f   Thumb Code     0  startup_stm32f103xe.o(.text)
    RTC_IRQHandler                           0x0800c35f   Thumb Code     0  startup_stm32f103xe.o(.text)
    SDIO_IRQHandler                          0x0800c35f   Thumb Code     0  startup_stm32f103xe.o(.text)
    SPI1_IRQHandler                          0x0800c35f   Thumb Code     0  startup_stm32f103xe.o(.text)
    SPI2_IRQHandler                          0x0800c35f   Thumb Code     0  startup_stm32f103xe.o(.text)
    SPI3_IRQHandler                          0x0800c35f   Thumb Code     0  startup_stm32f103xe.o(.text)
    TAMPER_IRQHandler                        0x0800c35f   Thumb Code     0  startup_stm32f103xe.o(.text)
    TIM1_BRK_IRQHandler                      0x0800c35f   Thumb Code     0  startup_stm32f103xe.o(.text)
    TIM1_CC_IRQHandler                       0x0800c35f   Thumb Code     0  startup_stm32f103xe.o(.text)
    TIM1_TRG_COM_IRQHandler                  0x0800c35f   Thumb Code     0  startup_stm32f103xe.o(.text)
    TIM1_UP_IRQHandler                       0x0800c35f   Thumb Code     0  startup_stm32f103xe.o(.text)
    TIM2_IRQHandler                          0x0800c35f   Thumb Code     0  startup_stm32f103xe.o(.text)
    TIM4_IRQHandler                          0x0800c35f   Thumb Code     0  startup_stm32f103xe.o(.text)
    TIM5_IRQHandler                          0x0800c35f   Thumb Code     0  startup_stm32f103xe.o(.text)
    TIM6_IRQHandler                          0x0800c35f   Thumb Code     0  startup_stm32f103xe.o(.text)
    TIM7_IRQHandler                          0x0800c35f   Thumb Code     0  startup_stm32f103xe.o(.text)
    TIM8_BRK_IRQHandler                      0x0800c35f   Thumb Code     0  startup_stm32f103xe.o(.text)
    TIM8_CC_IRQHandler                       0x0800c35f   Thumb Code     0  startup_stm32f103xe.o(.text)
    TIM8_TRG_COM_IRQHandler                  0x0800c35f   Thumb Code     0  startup_stm32f103xe.o(.text)
    TIM8_UP_IRQHandler                       0x0800c35f   Thumb Code     0  startup_stm32f103xe.o(.text)
    UART4_IRQHandler                         0x0800c35f   Thumb Code     0  startup_stm32f103xe.o(.text)
    USART2_IRQHandler                        0x0800c35f   Thumb Code     0  startup_stm32f103xe.o(.text)
    USART3_IRQHandler                        0x0800c35f   Thumb Code     0  startup_stm32f103xe.o(.text)
    USBWakeUp_IRQHandler                     0x0800c35f   Thumb Code     0  startup_stm32f103xe.o(.text)
    USB_HP_CAN1_TX_IRQHandler                0x0800c35f   Thumb Code     0  startup_stm32f103xe.o(.text)
    USB_LP_CAN1_RX0_IRQHandler               0x0800c35f   Thumb Code     0  startup_stm32f103xe.o(.text)
    WWDG_IRQHandler                          0x0800c35f   Thumb Code     0  startup_stm32f103xe.o(.text)
    __aeabi_uldivmod                         0x0800c369   Thumb Code    98  uldiv.o(.text)
    __aeabi_llsr                             0x0800c3cb   Thumb Code    32  llushr.o(.text)
    _ll_ushift_r                             0x0800c3cb   Thumb Code     0  llushr.o(.text)
    __aeabi_memcpy                           0x0800c3eb   Thumb Code    36  memcpya.o(.text)
    __aeabi_memcpy4                          0x0800c3eb   Thumb Code     0  memcpya.o(.text)
    __aeabi_memcpy8                          0x0800c3eb   Thumb Code     0  memcpya.o(.text)
    __aeabi_memset                           0x0800c40f   Thumb Code    14  memseta.o(.text)
    __aeabi_memset4                          0x0800c40f   Thumb Code     0  memseta.o(.text)
    __aeabi_memset8                          0x0800c40f   Thumb Code     0  memseta.o(.text)
    __aeabi_memclr                           0x0800c41d   Thumb Code     4  memseta.o(.text)
    __aeabi_memclr4                          0x0800c41d   Thumb Code     0  memseta.o(.text)
    __aeabi_memclr8                          0x0800c41d   Thumb Code     0  memseta.o(.text)
    _memset$wrapper                          0x0800c421   Thumb Code    18  memseta.o(.text)
    __aeabi_llsl                             0x0800c433   Thumb Code    30  llshl.o(.text)
    _ll_shift_l                              0x0800c433   Thumb Code     0  llshl.o(.text)
    __scatterload                            0x0800c451   Thumb Code    28  init.o(.text)
    __scatterload_rt2                        0x0800c451   Thumb Code     0  init.o(.text)
    BSP_Init                                 0x0800c475   Thumb Code    30  bsp.o(i.BSP_Init)
    BusFault_Handler                         0x0800c493   Thumb Code     2  stm32f1xx_it.o(i.BusFault_Handler)
    Deal_HighRank_Task                       0x0800c495   Thumb Code     6  task.o(i.Deal_HighRank_Task)
    Deal_LowRank_Task                        0x0800c49b   Thumb Code     6  task.o(i.Deal_LowRank_Task)
    Deal_MiddleRank_Task                     0x0800c4a1   Thumb Code    22  task.o(i.Deal_MiddleRank_Task)
    DebugMon_Handler                         0x0800c4b7   Thumb Code     2  stm32f1xx_it.o(i.DebugMon_Handler)
    Error_Handler                            0x0800c4b9   Thumb Code     6  main.o(i.Error_Handler)
    FLASH_PageErase                          0x0800c505   Thumb Code    28  stm32f1xx_hal_flash_ex.o(i.FLASH_PageErase)
    FLASH_WaitForLastOperation               0x0800c5a1   Thumb Code    80  stm32f1xx_hal_flash.o(i.FLASH_WaitForLastOperation)
    GPIO_feedDog                             0x0800c5f5   Thumb Code    10  gpio.o(i.GPIO_feedDog)
    HAL_DMA_Abort_IT                         0x0800c605   Thumb Code   296  stm32f1xx_hal_dma.o(i.HAL_DMA_Abort_IT)
    HAL_FLASHEx_Erase                        0x0800c735   Thumb Code   160  stm32f1xx_hal_flash_ex.o(i.HAL_FLASHEx_Erase)
    HAL_FLASH_Lock                           0x0800c7dd   Thumb Code    14  stm32f1xx_hal_flash.o(i.HAL_FLASH_Lock)
    HAL_FLASH_Program                        0x0800c7f1   Thumb Code   120  stm32f1xx_hal_flash.o(i.HAL_FLASH_Program)
    HAL_FLASH_Unlock                         0x0800c871   Thumb Code    28  stm32f1xx_hal_flash.o(i.HAL_FLASH_Unlock)
    HAL_GPIO_Init                            0x0800c899   Thumb Code   446  stm32f1xx_hal_gpio.o(i.HAL_GPIO_Init)
    HAL_GPIO_TogglePin                       0x0800ca81   Thumb Code     8  stm32f1xx_hal_gpio.o(i.HAL_GPIO_TogglePin)
    HAL_GPIO_WritePin                        0x0800ca89   Thumb Code    10  stm32f1xx_hal_gpio.o(i.HAL_GPIO_WritePin)
    HAL_GetTick                              0x0800ca95   Thumb Code     6  stm32f1xx_hal.o(i.HAL_GetTick)
    HAL_IncTick                              0x0800caa1   Thumb Code    12  stm32f1xx_hal.o(i.HAL_IncTick)
    HAL_Init                                 0x0800cab1   Thumb Code    32  stm32f1xx_hal.o(i.HAL_Init)
    HAL_InitTick                             0x0800cad5   Thumb Code    54  stm32f1xx_hal.o(i.HAL_InitTick)
    HAL_MspInit                              0x0800cb15   Thumb Code    52  stm32f1xx_hal_msp.o(i.HAL_MspInit)
    HAL_NVIC_EnableIRQ                       0x0800cb51   Thumb Code    22  stm32f1xx_hal_cortex.o(i.HAL_NVIC_EnableIRQ)
    HAL_NVIC_SetPriority                     0x0800cb69   Thumb Code    60  stm32f1xx_hal_cortex.o(i.HAL_NVIC_SetPriority)
    HAL_NVIC_SetPriorityGrouping             0x0800cba9   Thumb Code    26  stm32f1xx_hal_cortex.o(i.HAL_NVIC_SetPriorityGrouping)
    HAL_RCC_ClockConfig                      0x0800cbcd   Thumb Code   346  stm32f1xx_hal_rcc.o(i.HAL_RCC_ClockConfig)
    HAL_RCC_GetPCLK1Freq                     0x0800cd39   Thumb Code    20  stm32f1xx_hal_rcc.o(i.HAL_RCC_GetPCLK1Freq)
    HAL_RCC_GetPCLK2Freq                     0x0800cd59   Thumb Code    20  stm32f1xx_hal_rcc.o(i.HAL_RCC_GetPCLK2Freq)
    HAL_RCC_GetSysClockFreq                  0x0800cd79   Thumb Code    74  stm32f1xx_hal_rcc.o(i.HAL_RCC_GetSysClockFreq)
    HAL_RCC_OscConfig                        0x0800cde5   Thumb Code   750  stm32f1xx_hal_rcc.o(i.HAL_RCC_OscConfig)
    HAL_SYSTICK_Config                       0x0800d0e9   Thumb Code    40  stm32f1xx_hal_cortex.o(i.HAL_SYSTICK_Config)
    HAL_TIMEx_BreakCallback                  0x0800d111   Thumb Code     2  stm32f1xx_hal_tim_ex.o(i.HAL_TIMEx_BreakCallback)
    HAL_TIMEx_CommutationCallback            0x0800d113   Thumb Code     2  stm32f1xx_hal_tim_ex.o(i.HAL_TIMEx_CommutationCallback)
    HAL_TIMEx_MasterConfigSynchronization    0x0800d115   Thumb Code    80  stm32f1xx_hal_tim_ex.o(i.HAL_TIMEx_MasterConfigSynchronization)
    HAL_TIM_Base_Init                        0x0800d165   Thumb Code    54  stm32f1xx_hal_tim.o(i.HAL_TIM_Base_Init)
    HAL_TIM_Base_MspInit                     0x0800d19d   Thumb Code    72  stm32f1xx_hal_msp.o(i.HAL_TIM_Base_MspInit)
    HAL_TIM_Base_Start_IT                    0x0800d1f1   Thumb Code    24  stm32f1xx_hal_tim.o(i.HAL_TIM_Base_Start_IT)
    HAL_TIM_ConfigClockSource                0x0800d209   Thumb Code   242  stm32f1xx_hal_tim.o(i.HAL_TIM_ConfigClockSource)
    HAL_TIM_IC_CaptureCallback               0x0800d2fb   Thumb Code     2  stm32f1xx_hal_tim.o(i.HAL_TIM_IC_CaptureCallback)
    HAL_TIM_IRQHandler                       0x0800d2fd   Thumb Code   358  stm32f1xx_hal_tim.o(i.HAL_TIM_IRQHandler)
    HAL_TIM_OC_DelayElapsedCallback          0x0800d463   Thumb Code     2  stm32f1xx_hal_tim.o(i.HAL_TIM_OC_DelayElapsedCallback)
    HAL_TIM_PWM_PulseFinishedCallback        0x0800d465   Thumb Code     2  stm32f1xx_hal_tim.o(i.HAL_TIM_PWM_PulseFinishedCallback)
    HAL_TIM_PeriodElapsedCallback            0x0800d469   Thumb Code   184  tim.o(i.HAL_TIM_PeriodElapsedCallback)
    HAL_TIM_TriggerCallback                  0x0800d56d   Thumb Code     2  stm32f1xx_hal_tim.o(i.HAL_TIM_TriggerCallback)
    HAL_UART_ErrorCallback                   0x0800d571   Thumb Code   130  usart.o(i.HAL_UART_ErrorCallback)
    HAL_UART_IRQHandler                      0x0800d659   Thumb Code   266  stm32f1xx_hal_uart.o(i.HAL_UART_IRQHandler)
    HAL_UART_Init                            0x0800d769   Thumb Code    98  stm32f1xx_hal_uart.o(i.HAL_UART_Init)
    HAL_UART_MspInit                         0x0800d7cd   Thumb Code   214  stm32f1xx_hal_msp.o(i.HAL_UART_MspInit)
    HAL_UART_Receive_IT                      0x0800d8bd   Thumb Code    70  stm32f1xx_hal_uart.o(i.HAL_UART_Receive_IT)
    HAL_UART_RxCpltCallback                  0x0800d905   Thumb Code   114  usart.o(i.HAL_UART_RxCpltCallback)
    HAL_UART_Transmit                        0x0800d9a9   Thumb Code   186  stm32f1xx_hal_uart.o(i.HAL_UART_Transmit)
    HAL_UART_TxCpltCallback                  0x0800da63   Thumb Code     2  stm32f1xx_hal_uart.o(i.HAL_UART_TxCpltCallback)
    HardFault_Handler                        0x0800da65   Thumb Code     2  stm32f1xx_it.o(i.HardFault_Handler)
    InitRingBuffer                           0x0800da67   Thumb Code    26  ringbuffer.o(i.InitRingBuffer)
    MX_GPIO_Init                             0x0800da81   Thumb Code   118  gpio.o(i.MX_GPIO_Init)
    MX_TIM3_Init                             0x0800db01   Thumb Code   100  tim.o(i.MX_TIM3_Init)
    MX_UART5_Init                            0x0800db6d   Thumb Code    48  usart.o(i.MX_UART5_Init)
    MX_UART_Init                             0x0800dba5   Thumb Code    48  usart.o(i.MX_UART_Init)
    MX_USART1_UART_Init                      0x0800dbd9   Thumb Code    48  usart.o(i.MX_USART1_UART_Init)
    MemManage_Handler                        0x0800dc11   Thumb Code     2  stm32f1xx_it.o(i.MemManage_Handler)
    NMI_Handler                              0x0800dc13   Thumb Code     2  stm32f1xx_it.o(i.NMI_Handler)
    NVIC_SetVectorTable                      0x0800dc35   Thumb Code    12  fal.o(i.NVIC_SetVectorTable)
    PendSV_Handler                           0x0800dc49   Thumb Code     2  stm32f1xx_it.o(i.PendSV_Handler)
    RingBufferFlush                          0x0800dc4b   Thumb Code    18  ringbuffer.o(i.RingBufferFlush)
    RingBufferLen                            0x0800dc5d   Thumb Code    28  ringbuffer.o(i.RingBufferLen)
    RingBufferWrite                          0x0800dc79   Thumb Code   100  ringbuffer.o(i.RingBufferWrite)
    RingBufferWriteMax                       0x0800dcdd   Thumb Code    44  ringbuffer.o(i.RingBufferWriteMax)
    SVC_Handler                              0x0800dd09   Thumb Code     2  stm32f1xx_it.o(i.SVC_Handler)
    SysTick_Handler                          0x0800dd0b   Thumb Code     4  stm32f1xx_it.o(i.SysTick_Handler)
    SystemClock_Config                       0x0800dd0f   Thumb Code    94  bsp.o(i.SystemClock_Config)
    SystemInit                               0x0800dd6d   Thumb Code    56  system_stm32f1xx.o(i.SystemInit)
    TIM3_IRQHandler                          0x0800ddb5   Thumb Code     6  stm32f1xx_it.o(i.TIM3_IRQHandler)
    TIM_Base_SetConfig                       0x0800ddc1   Thumb Code   120  stm32f1xx_hal_tim.o(i.TIM_Base_SetConfig)
    Task_EachRound                           0x0800deb7   Thumb Code     4  task.o(i.Task_EachRound)
    Timer_CheckMark                          0x0800debd   Thumb Code    72  tim.o(i.Timer_CheckMark)
    Timer_ParamInit                          0x0800df09   Thumb Code    44  tim.o(i.Timer_ParamInit)
    UART5_IRQHandler                         0x0800df39   Thumb Code     6  stm32f1xx_it.o(i.UART5_IRQHandler)
    UART_READ                                0x0800df71   Thumb Code   214  usart.o(i.UART_READ)
    USART1_IRQHandler                        0x0800e34d   Thumb Code     6  stm32f1xx_it.o(i.USART1_IRQHandler)
    UsageFault_Handler                       0x0800e359   Thumb Code     2  stm32f1xx_it.o(i.UsageFault_Handler)
    __0printf$8                              0x0800e35d   Thumb Code    22  printf8.o(i.__0printf$8)
    __1printf$8                              0x0800e35d   Thumb Code     0  printf8.o(i.__0printf$8)
    __2printf                                0x0800e35d   Thumb Code     0  printf8.o(i.__0printf$8)
    __scatterload_copy                       0x0800e37d   Thumb Code    14  handlers.o(i.__scatterload_copy)
    __scatterload_null                       0x0800e38b   Thumb Code     2  handlers.o(i.__scatterload_null)
    __scatterload_zeroinit                   0x0800e38d   Thumb Code    14  handlers.o(i.__scatterload_zeroinit)
    check_paramInfo                          0x0800e801   Thumb Code    60  fal.o(i.check_paramInfo)
    cpuflash_Init                            0x0800e881   Thumb Code     4  cpuflash.o(i.cpuflash_Init)
    cpuflash_erase                           0x0800e885   Thumb Code    68  cpuflash.o(i.cpuflash_erase)
    cpuflash_read                            0x0800e8c9   Thumb Code    24  cpuflash.o(i.cpuflash_read)
    cpuflash_write                           0x0800e8e1   Thumb Code   104  cpuflash.o(i.cpuflash_write)
    fal_Init                                 0x0800e979   Thumb Code    16  fal.o(i.fal_Init)
    fputc                                    0x0800e98d   Thumb Code    18  usart.o(i.fputc)
    gxxServer_Init                           0x0800e9a5   Thumb Code    50  gxxserver.o(i.gxxServer_Init)
    gxxServer_Task                           0x0800e9dd   Thumb Code    24  gxxserver.o(i.gxxServer_Task)
    gxxSvr_getProtoData                      0x0800e9f9   Thumb Code    46  gxxserver.o(i.gxxSvr_getProtoData)
    main                                     0x0800ea2d   Thumb Code    50  main.o(i.main)
    pal_Init                                 0x0800eaa1   Thumb Code    10  pal.o(i.pal_Init)
    pal_Task                                 0x0800eaab   Thumb Code     4  pal.o(i.pal_Task)
    AHBPrescTable                            0x0800eaae   Data          16  system_stm32f1xx.o(.constdata)
    APBPrescTable                            0x0800eabe   Data           8  system_stm32f1xx.o(.constdata)
    Region$$Table$$Base                      0x0800eba8   Number         0  anon$$obj.o(Region$$Table)
    Region$$Table$$Limit                     0x0800ebc8   Number         0  anon$$obj.o(Region$$Table)
    SystemCoreClock                          0x20000000   Data           4  system_stm32f1xx.o(.data)
    uwTickFreq                               0x20000004   Data           1  stm32f1xx_hal.o(.data)
    uwTickPrio                               0x20000008   Data           4  stm32f1xx_hal.o(.data)
    uwTick                                   0x2000000c   Data           4  stm32f1xx_hal.o(.data)
    __stdout                                 0x20000010   Data           4  stdout.o(.data)
    pFlash                                   0x20000018   Data          32  stm32f1xx_hal_flash.o(.bss)
    gTimerMask                               0x20000038   Data          18  tim.o(.bss)
    htim3                                    0x2000004c   Data          64  tim.o(.bss)
    huart1                                   0x2000008c   Data          64  usart.o(.bss)
    huart5                                   0x200000cc   Data          64  usart.o(.bss)
    gUart1_InTTL                             0x2000010c   Data         520  usart.o(.bss)
    gSvrMngr                                 0x20000314   Data          12  gxxserver.o(.bss)
    gxxServerInfo                            0x20000320   Data        2096  gxxserver.o(.bss)
    __initial_sp                             0x20001350   Data           0  startup_stm32f103xe.o(STACK)



==============================================================================

Memory Map of the image

  Image Entry point : 0x0800c331

  Load Region LR_IROM1 (Base: 0x0800c200, Size: 0x000029dc, Max: 0x0002fe00, ABSOLUTE)

    Execution Region ER_IROM1 (Base: 0x0800c200, Size: 0x000029c8, Max: 0x0002fe00, ABSOLUTE)

    Base Addr    Size         Type   Attr      Idx    E Section Name        Object

    0x0800c200   0x00000130   Data   RO          125    RESET               startup_stm32f103xe.o
    0x0800c330   0x00000000   Code   RO         3827  * .ARM.Collect$$$$00000000  mc_w.l(entry.o)
    0x0800c330   0x00000004   Code   RO         4101    .ARM.Collect$$$$00000001  mc_w.l(entry2.o)
    0x0800c334   0x00000004   Code   RO         4104    .ARM.Collect$$$$00000004  mc_w.l(entry5.o)
    0x0800c338   0x00000000   Code   RO         4106    .ARM.Collect$$$$00000008  mc_w.l(entry7b.o)
    0x0800c338   0x00000000   Code   RO         4108    .ARM.Collect$$$$0000000A  mc_w.l(entry8b.o)
    0x0800c338   0x00000008   Code   RO         4109    .ARM.Collect$$$$0000000B  mc_w.l(entry9a.o)
    0x0800c340   0x00000000   Code   RO         4111    .ARM.Collect$$$$0000000D  mc_w.l(entry10a.o)
    0x0800c340   0x00000000   Code   RO         4113    .ARM.Collect$$$$0000000F  mc_w.l(entry11a.o)
    0x0800c340   0x00000004   Code   RO         4102    .ARM.Collect$$$$00002712  mc_w.l(entry2.o)
    0x0800c344   0x00000024   Code   RO          126    .text               startup_stm32f103xe.o
    0x0800c368   0x00000062   Code   RO         3830    .text               mc_w.l(uldiv.o)
    0x0800c3ca   0x00000020   Code   RO         3832    .text               mc_w.l(llushr.o)
    0x0800c3ea   0x00000024   Code   RO         3834    .text               mc_w.l(memcpya.o)
    0x0800c40e   0x00000024   Code   RO         3836    .text               mc_w.l(memseta.o)
    0x0800c432   0x0000001e   Code   RO         4118    .text               mc_w.l(llshl.o)
    0x0800c450   0x00000024   Code   RO         4131    .text               mc_w.l(init.o)
    0x0800c474   0x0000001e   Code   RO         3284    i.BSP_Init          bsp.o
    0x0800c492   0x00000002   Code   RO         3187    i.BusFault_Handler  stm32f1xx_it.o
    0x0800c494   0x00000006   Code   RO         3621    i.Deal_HighRank_Task  task.o
    0x0800c49a   0x00000006   Code   RO         3622    i.Deal_LowRank_Task  task.o
    0x0800c4a0   0x00000016   Code   RO         3623    i.Deal_MiddleRank_Task  task.o
    0x0800c4b6   0x00000002   Code   RO         3188    i.DebugMon_Handler  stm32f1xx_it.o
    0x0800c4b8   0x00000028   Code   RO         3799    i.Error_Handler     main.o
    0x0800c4e0   0x00000024   Code   RO         2672    i.FLASH_MassErase   stm32f1xx_hal_flash_ex.o
    0x0800c504   0x00000024   Code   RO         2677    i.FLASH_PageErase   stm32f1xx_hal_flash_ex.o
    0x0800c528   0x0000001c   Code   RO         2569    i.FLASH_Program_HalfWord  stm32f1xx_hal_flash.o
    0x0800c544   0x0000005c   Code   RO         2570    i.FLASH_SetErrorCode  stm32f1xx_hal_flash.o
    0x0800c5a0   0x00000054   Code   RO         2571    i.FLASH_WaitForLastOperation  stm32f1xx_hal_flash.o
    0x0800c5f4   0x00000010   Code   RO         3398    i.GPIO_feedDog      gpio.o
    0x0800c604   0x00000130   Code   RO         2476    i.HAL_DMA_Abort_IT  stm32f1xx_hal_dma.o
    0x0800c734   0x000000a8   Code   RO         2678    i.HAL_FLASHEx_Erase  stm32f1xx_hal_flash_ex.o
    0x0800c7dc   0x00000014   Code   RO         2575    i.HAL_FLASH_Lock    stm32f1xx_hal_flash.o
    0x0800c7f0   0x00000080   Code   RO         2580    i.HAL_FLASH_Program  stm32f1xx_hal_flash.o
    0x0800c870   0x00000028   Code   RO         2582    i.HAL_FLASH_Unlock  stm32f1xx_hal_flash.o
    0x0800c898   0x000001e8   Code   RO          302    i.HAL_GPIO_Init     stm32f1xx_hal_gpio.o
    0x0800ca80   0x00000008   Code   RO          305    i.HAL_GPIO_TogglePin  stm32f1xx_hal_gpio.o
    0x0800ca88   0x0000000a   Code   RO          306    i.HAL_GPIO_WritePin  stm32f1xx_hal_gpio.o
    0x0800ca92   0x00000002   PAD
    0x0800ca94   0x0000000c   Code   RO          144    i.HAL_GetTick       stm32f1xx_hal.o
    0x0800caa0   0x00000010   Code   RO          148    i.HAL_IncTick       stm32f1xx_hal.o
    0x0800cab0   0x00000024   Code   RO          149    i.HAL_Init          stm32f1xx_hal.o
    0x0800cad4   0x00000040   Code   RO          150    i.HAL_InitTick      stm32f1xx_hal.o
    0x0800cb14   0x0000003c   Code   RO         3111    i.HAL_MspInit       stm32f1xx_hal_msp.o
    0x0800cb50   0x00000016   Code   RO         2884    i.HAL_NVIC_EnableIRQ  stm32f1xx_hal_cortex.o
    0x0800cb66   0x00000002   PAD
    0x0800cb68   0x00000040   Code   RO         2890    i.HAL_NVIC_SetPriority  stm32f1xx_hal_cortex.o
    0x0800cba8   0x00000024   Code   RO         2891    i.HAL_NVIC_SetPriorityGrouping  stm32f1xx_hal_cortex.o
    0x0800cbcc   0x0000016c   Code   RO         2337    i.HAL_RCC_ClockConfig  stm32f1xx_hal_rcc.o
    0x0800cd38   0x00000020   Code   RO         2344    i.HAL_RCC_GetPCLK1Freq  stm32f1xx_hal_rcc.o
    0x0800cd58   0x00000020   Code   RO         2345    i.HAL_RCC_GetPCLK2Freq  stm32f1xx_hal_rcc.o
    0x0800cd78   0x0000006c   Code   RO         2346    i.HAL_RCC_GetSysClockFreq  stm32f1xx_hal_rcc.o
    0x0800cde4   0x00000304   Code   RO         2349    i.HAL_RCC_OscConfig  stm32f1xx_hal_rcc.o
    0x0800d0e8   0x00000028   Code   RO         2895    i.HAL_SYSTICK_Config  stm32f1xx_hal_cortex.o
    0x0800d110   0x00000002   Code   RO         1777    i.HAL_TIMEx_BreakCallback  stm32f1xx_hal_tim_ex.o
    0x0800d112   0x00000002   Code   RO         1778    i.HAL_TIMEx_CommutationCallback  stm32f1xx_hal_tim_ex.o
    0x0800d114   0x00000050   Code   RO         1794    i.HAL_TIMEx_MasterConfigSynchronization  stm32f1xx_hal_tim_ex.o
    0x0800d164   0x00000036   Code   RO         1148    i.HAL_TIM_Base_Init  stm32f1xx_hal_tim.o
    0x0800d19a   0x00000002   PAD
    0x0800d19c   0x00000054   Code   RO         3115    i.HAL_TIM_Base_MspInit  stm32f1xx_hal_msp.o
    0x0800d1f0   0x00000018   Code   RO         1153    i.HAL_TIM_Base_Start_IT  stm32f1xx_hal_tim.o
    0x0800d208   0x000000f2   Code   RO         1157    i.HAL_TIM_ConfigClockSource  stm32f1xx_hal_tim.o
    0x0800d2fa   0x00000002   Code   RO         1177    i.HAL_TIM_IC_CaptureCallback  stm32f1xx_hal_tim.o
    0x0800d2fc   0x00000166   Code   RO         1190    i.HAL_TIM_IRQHandler  stm32f1xx_hal_tim.o
    0x0800d462   0x00000002   Code   RO         1193    i.HAL_TIM_OC_DelayElapsedCallback  stm32f1xx_hal_tim.o
    0x0800d464   0x00000002   Code   RO         1220    i.HAL_TIM_PWM_PulseFinishedCallback  stm32f1xx_hal_tim.o
    0x0800d466   0x00000002   PAD
    0x0800d468   0x00000104   Code   RO         3432    i.HAL_TIM_PeriodElapsedCallback  tim.o
    0x0800d56c   0x00000002   Code   RO         1231    i.HAL_TIM_TriggerCallback  stm32f1xx_hal_tim.o
    0x0800d56e   0x00000002   PAD
    0x0800d570   0x000000e8   Code   RO         3486    i.HAL_UART_ErrorCallback  usart.o
    0x0800d658   0x00000110   Code   RO         2034    i.HAL_UART_IRQHandler  stm32f1xx_hal_uart.o
    0x0800d768   0x00000062   Code   RO         2035    i.HAL_UART_Init     stm32f1xx_hal_uart.o
    0x0800d7ca   0x00000002   PAD
    0x0800d7cc   0x000000f0   Code   RO         3117    i.HAL_UART_MspInit  stm32f1xx_hal_msp.o
    0x0800d8bc   0x00000046   Code   RO         2040    i.HAL_UART_Receive_IT  stm32f1xx_hal_uart.o
    0x0800d902   0x00000002   PAD
    0x0800d904   0x000000a4   Code   RO         3487    i.HAL_UART_RxCpltCallback  usart.o
    0x0800d9a8   0x000000ba   Code   RO         2043    i.HAL_UART_Transmit  stm32f1xx_hal_uart.o
    0x0800da62   0x00000002   Code   RO         2046    i.HAL_UART_TxCpltCallback  stm32f1xx_hal_uart.o
    0x0800da64   0x00000002   Code   RO         3189    i.HardFault_Handler  stm32f1xx_it.o
    0x0800da66   0x0000001a   Code   RO         3027    i.InitRingBuffer    ringbuffer.o
    0x0800da80   0x00000080   Code   RO         3399    i.MX_GPIO_Init      gpio.o
    0x0800db00   0x0000006c   Code   RO         3433    i.MX_TIM3_Init      tim.o
    0x0800db6c   0x00000038   Code   RO         3488    i.MX_UART5_Init     usart.o
    0x0800dba4   0x00000034   Code   RO         3489    i.MX_UART_Init      usart.o
    0x0800dbd8   0x00000038   Code   RO         3490    i.MX_USART1_UART_Init  usart.o
    0x0800dc10   0x00000002   Code   RO         3190    i.MemManage_Handler  stm32f1xx_it.o
    0x0800dc12   0x00000002   Code   RO         3191    i.NMI_Handler       stm32f1xx_it.o
    0x0800dc14   0x00000020   Code   RO         2897    i.NVIC_SetPriority  stm32f1xx_hal_cortex.o
    0x0800dc34   0x00000014   Code   RO         3562    i.NVIC_SetVectorTable  fal.o
    0x0800dc48   0x00000002   Code   RO         3192    i.PendSV_Handler    stm32f1xx_it.o
    0x0800dc4a   0x00000012   Code   RO         3029    i.RingBufferFlush   ringbuffer.o
    0x0800dc5c   0x0000001c   Code   RO         3030    i.RingBufferLen     ringbuffer.o
    0x0800dc78   0x00000064   Code   RO         3034    i.RingBufferWrite   ringbuffer.o
    0x0800dcdc   0x0000002c   Code   RO         3036    i.RingBufferWriteMax  ringbuffer.o
    0x0800dd08   0x00000002   Code   RO         3193    i.SVC_Handler       stm32f1xx_it.o
    0x0800dd0a   0x00000004   Code   RO         3194    i.SysTick_Handler   stm32f1xx_it.o
    0x0800dd0e   0x0000005e   Code   RO         3285    i.SystemClock_Config  bsp.o
    0x0800dd6c   0x00000048   Code   RO            5    i.SystemInit        system_stm32f1xx.o
    0x0800ddb4   0x0000000c   Code   RO         3195    i.TIM3_IRQHandler   stm32f1xx_it.o
    0x0800ddc0   0x0000008c   Code   RO         1232    i.TIM_Base_SetConfig  stm32f1xx_hal_tim.o
    0x0800de4c   0x00000014   Code   RO         1239    i.TIM_ETR_SetConfig  stm32f1xx_hal_tim.o
    0x0800de60   0x00000010   Code   RO         1240    i.TIM_ITRx_SetConfig  stm32f1xx_hal_tim.o
    0x0800de70   0x00000022   Code   RO         1246    i.TIM_TI1_ConfigInputStage  stm32f1xx_hal_tim.o
    0x0800de92   0x00000024   Code   RO         1248    i.TIM_TI2_ConfigInputStage  stm32f1xx_hal_tim.o
    0x0800deb6   0x00000004   Code   RO         3624    i.Task_EachRound    task.o
    0x0800deba   0x00000002   PAD
    0x0800debc   0x0000004c   Code   RO         3434    i.Timer_CheckMark   tim.o
    0x0800df08   0x00000030   Code   RO         3435    i.Timer_ParamInit   tim.o
    0x0800df38   0x0000000c   Code   RO         3196    i.UART5_IRQHandler  stm32f1xx_it.o
    0x0800df44   0x00000010   Code   RO         2048    i.UART_DMAAbortOnError  stm32f1xx_hal_uart.o
    0x0800df54   0x0000001c   Code   RO         2058    i.UART_EndRxTransfer  stm32f1xx_hal_uart.o
    0x0800df70   0x0000010c   Code   RO         3491    i.UART_READ         usart.o
    0x0800e07c   0x00000096   Code   RO         2060    i.UART_Receive_IT   stm32f1xx_hal_uart.o
    0x0800e112   0x00000002   PAD
    0x0800e114   0x00000170   Code   RO         2061    i.UART_SetConfig    stm32f1xx_hal_uart.o
    0x0800e284   0x00000062   Code   RO         2062    i.UART_Transmit_IT  stm32f1xx_hal_uart.o
    0x0800e2e6   0x00000064   Code   RO         2063    i.UART_WaitOnFlagUntilTimeout  stm32f1xx_hal_uart.o
    0x0800e34a   0x00000002   PAD
    0x0800e34c   0x0000000c   Code   RO         3197    i.USART1_IRQHandler  stm32f1xx_it.o
    0x0800e358   0x00000002   Code   RO         3198    i.UsageFault_Handler  stm32f1xx_it.o
    0x0800e35a   0x00000002   PAD
    0x0800e35c   0x00000020   Code   RO         4047    i.__0printf$8       mc_w.l(printf8.o)
    0x0800e37c   0x0000000e   Code   RO         4139    i.__scatterload_copy  mc_w.l(handlers.o)
    0x0800e38a   0x00000002   Code   RO         4140    i.__scatterload_null  mc_w.l(handlers.o)
    0x0800e38c   0x0000000e   Code   RO         4141    i.__scatterload_zeroinit  mc_w.l(handlers.o)
    0x0800e39a   0x00000002   PAD
    0x0800e39c   0x00000410   Code   RO         4054    i._printf_core      mc_w.l(printf8.o)
    0x0800e7ac   0x00000024   Code   RO         4055    i._printf_post_padding  mc_w.l(printf8.o)
    0x0800e7d0   0x0000002e   Code   RO         4056    i._printf_pre_padding  mc_w.l(printf8.o)
    0x0800e7fe   0x00000002   PAD
    0x0800e800   0x00000080   Code   RO         3563    i.check_paramInfo   fal.o
    0x0800e880   0x00000004   Code   RO         3672    i.cpuflash_Init     cpuflash.o
    0x0800e884   0x00000044   Code   RO         3675    i.cpuflash_erase    cpuflash.o
    0x0800e8c8   0x00000018   Code   RO         3676    i.cpuflash_read     cpuflash.o
    0x0800e8e0   0x00000098   Code   RO         3677    i.cpuflash_write    cpuflash.o
    0x0800e978   0x00000014   Code   RO         3564    i.fal_Init          fal.o
    0x0800e98c   0x00000018   Code   RO         3493    i.fputc             usart.o
    0x0800e9a4   0x00000038   Code   RO         3748    i.gxxServer_Init    gxxserver.o
    0x0800e9dc   0x0000001c   Code   RO         3749    i.gxxServer_Task    gxxserver.o
    0x0800e9f8   0x00000034   Code   RO         3751    i.gxxSvr_getProtoData  gxxserver.o
    0x0800ea2c   0x00000074   Code   RO         3800    i.main              main.o
    0x0800eaa0   0x0000000a   Code   RO         3724    i.pal_Init          pal.o
    0x0800eaaa   0x00000004   Code   RO         3725    i.pal_Task          pal.o
    0x0800eaae   0x00000010   Data   RO            6    .constdata          system_stm32f1xx.o
    0x0800eabe   0x00000008   Data   RO            7    .constdata          system_stm32f1xx.o
    0x0800eac6   0x00000002   PAD
    0x0800eac8   0x00000036   Data   RO         3438    .constdata          tim.o
    0x0800eafe   0x00000039   Data   RO         3496    .constdata          usart.o
    0x0800eb37   0x00000026   Data   RO         3567    .constdata          fal.o
    0x0800eb5d   0x00000046   Data   RO         3678    .constdata          cpuflash.o
    0x0800eba3   0x00000005   Data   RO         3801    .constdata          main.o
    0x0800eba8   0x00000020   Data   RO         4137    Region$$Table       anon$$obj.o


    Execution Region RW_IRAM1 (Base: 0x20000000, Size: 0x00001350, Max: 0x0000c000, ABSOLUTE)

    Base Addr    Size         Type   Attr      Idx    E Section Name        Object

    0x20000000   0x00000004   Data   RW            8    .data               system_stm32f1xx.o
    0x20000004   0x0000000c   Data   RW          156    .data               stm32f1xx_hal.o
    0x20000010   0x00000004   Data   RW         4115    .data               mc_w.l(stdout.o)
    0x20000014   0x00000004   PAD
    0x20000018   0x00000020   Zero   RW         2583    .bss                stm32f1xx_hal_flash.o
    0x20000038   0x00000054   Zero   RW         3436    .bss                tim.o
    0x2000008c   0x00000288   Zero   RW         3495    .bss                usart.o
    0x20000314   0x00000c3c   Zero   RW         3753    .bss                gxxserver.o
    0x20000f50   0x00000400   Zero   RW          123    STACK               startup_stm32f103xe.o


==============================================================================

Image component sizes


      Code (inc. data)   RO Data    RW Data    ZI Data      Debug   Object Name

       124          0          0          0          0     469640   bsp.o
       248         48         70          0          0       4249   cpuflash.o
       168         80         38          0          0      11493   fal.o
       144         16          0          0          0       2838   gpio.o
       136         16          0          0       3132       2633   gxxserver.o
       156        100          5          0          0        959   main.o
        14          0          0          0          0       1594   pal.o
         0          0          0          0          0        612   public.o
       216          0          0          0          0       4212   ringbuffer.o
        36          8        304          0       1024        864   startup_stm32f103xe.o
       128         24          0         12          0       6177   stm32f1xx_hal.o
       194         14          0          0          0      25679   stm32f1xx_hal_cortex.o
       304          8          0          0          0       1187   stm32f1xx_hal_dma.o
       392         46          0          0         32       4698   stm32f1xx_hal_flash.o
       240         26          0          0          0       3269   stm32f1xx_hal_flash_ex.o
       506         42          0          0          0       3253   stm32f1xx_hal_gpio.o
       384         46          0          0          0       2632   stm32f1xx_hal_msp.o
      1308         98          0          0          0       5224   stm32f1xx_hal_rcc.o
       932         20          0          0          0       9483   stm32f1xx_hal_tim.o
        84          0          0          0          0       2446   stm32f1xx_hal_tim_ex.o
      1388         10          0          0          0       8398   stm32f1xx_hal_uart.o
        56         18          0          0          0       5847   stm32f1xx_it.o
        72         16         24          4          0     497091   system_stm32f1xx.o
        38          0          0          0          0       1877   task.o
       492         92         54          0         84       4673   tim.o
       852        232         57          0        648       5445   usart.o

    ----------------------------------------------------------------------
      8634        960        586         16       4920    1086473   Object Totals
         0          0         32          0          0          0   (incl. Generated)
        22          0          2          0          0          0   (incl. Padding)

    ----------------------------------------------------------------------

      Code (inc. data)   RO Data    RW Data    ZI Data      Debug   Library Member Name

         0          0          0          0          0          0   entry.o
         0          0          0          0          0          0   entry10a.o
         0          0          0          0          0          0   entry11a.o
         8          4          0          0          0          0   entry2.o
         4          0          0          0          0          0   entry5.o
         0          0          0          0          0          0   entry7b.o
         0          0          0          0          0          0   entry8b.o
         8          4          0          0          0          0   entry9a.o
        30          0          0          0          0          0   handlers.o
        36          8          0          0          0         68   init.o
        30          0          0          0          0         68   llshl.o
        32          0          0          0          0         68   llushr.o
        36          0          0          0          0         68   memcpya.o
        36          0          0          0          0        108   memseta.o
      1154         54          0          0          0        352   printf8.o
         0          0          0          4          0          0   stdout.o
        98          0          0          0          0         92   uldiv.o

    ----------------------------------------------------------------------
      1476         70          0          4          4        824   Library Totals
         4          0          0          0          4          0   (incl. Padding)

    ----------------------------------------------------------------------

      Code (inc. data)   RO Data    RW Data    ZI Data      Debug   Library Name

      1472         70          0          4          0        824   mc_w.l

    ----------------------------------------------------------------------
      1476         70          0          4          4        824   Library Totals

    ----------------------------------------------------------------------

==============================================================================


      Code (inc. data)   RO Data    RW Data    ZI Data      Debug   

     10110       1030        586         20       4924    1081729   Grand Totals
     10110       1030        586         20       4924    1081729   ELF Image Totals
     10110       1030        586         20          0          0   ROM Totals

==============================================================================

    Total RO  Size (Code + RO Data)                10696 (  10.45kB)
    Total RW  Size (RW Data + ZI Data)              4944 (   4.83kB)
    Total ROM Size (Code + RO Data + RW Data)      10716 (  10.46kB)

==============================================================================

