<html>
<body>
<pre>
<h1>µVision Build Log</h1>
<h2>Tool Versions:</h2>
IDE-Version: ¦ÌVision V5.14.0.0
Copyright (C) 2015 ARM Ltd and ARM Germany GmbH. All rights reserved.
License Information: zeng zeng, zeng, LIC=4ZLRA-1FM4U-AVW1J-UF72P-5JICA-QH6DK
 
Tool Versions:
Toolchain:       MDK-ARM Professional  Version: 5.14.0.0
Toolchain Path:  D:\Keil_v5\ARM\ARMCC\Bin
C Compiler:      Armcc.exe V5.05 update 1 (build 106)
Assembler:       Armasm.exe V5.05 update 1 (build 106)
Linker/Locator:  ArmLink.exe V5.05 update 1 (build 106)
Library Manager: ArmAr.exe V5.05 update 1 (build 106)
Hex Converter:   FromElf.exe V5.05 update 1 (build 106)
CPU DLL:         SARMCM3.DLL V5.14.0.0
Dialog DLL:      DCM.DLL V1.13.1.0
Target DLL:      Segger\JL2CM3.dll V2.99.13.0
Dialog DLL:      TCM.DLL V1.14.4.0
 
<h2>Project:</h2>
C:\Users\zengzhaorong\Desktop\test\stm32-demo\demo-app\build\stm32f103rct6\demo-app.uvprojx
Project File Date:  10/11/2019

<h2>Output:</h2>
Build target 'demo-app'
compiling fal.c...
compiling task.c...
compiling main.c...
linking...
Program Size: Code=10110 RO-data=586 RW-data=20 ZI-data=4924  
FromELF: creating hex file...
After Build - User command #1: fromelf.exe --bin -o ./Objects/vds-ctrl-app.bin ./Objects/vds-ctrl-app.axf
".\Objects\VDS-CTRL-APP.axf" - 0 Error(s), 0 Warning(s).

<h2>Collection of Component include folders:</h2>
  C:\Users\zengzhaorong\Desktop\test\stm32-demo\demo-app\build\stm32f103rct6\RTE
  D:\Keil_v5\ARM\PACK\Keil\STM32F1xx_DFP\2.2.0

<h2>Collection of Component Files used:</h2>
</pre>
</body>
</html>
